Component: ARM Compiler 5.05 update 1 (build 106) Tool: armlink [4d0efa]

==============================================================================

Section Cross References

    main.o(i.app_task_beep) refers to main.o(i.dgb_printf_safe) for dgb_printf_safe
    main.o(i.app_task_beep) refers to queue.o(i.xQueueReceive) for xQueueReceive
    main.o(i.app_task_beep) refers to tasks.o(i.vTaskDelay) for vTaskDelay
    main.o(i.app_task_beep) refers to queue.o(i.xQueueGenericSend) for xQueueGenericSend
    main.o(i.app_task_beep) refers to main.o(.data) for .data
    main.o(i.app_task_dht) refers to _printf_percent.o(.ARM.Collect$$_printf_percent$$00000000) for _printf_percent
    main.o(i.app_task_dht) refers to _printf_d.o(.ARM.Collect$$_printf_percent$$00000009) for _printf_d
    main.o(i.app_task_dht) refers to _printf_dec.o(.text) for _printf_int_dec
    main.o(i.app_task_dht) refers to event_groups.o(i.xEventGroupWaitBits) for xEventGroupWaitBits
    main.o(i.app_task_dht) refers to main.o(i.dgb_printf_safe) for dgb_printf_safe
    main.o(i.app_task_dht) refers to tasks.o(i.vTaskSuspend) for vTaskSuspend
    main.o(i.app_task_dht) refers to dht11.o(i.dht11_read) for dht11_read
    main.o(i.app_task_dht) refers to rt_memclr_w.o(.text) for __aeabi_memclr4
    main.o(i.app_task_dht) refers to f2d.o(x$fpl$f2d) for __aeabi_f2d
    main.o(i.app_task_dht) refers to __2sprintf.o(.text) for __2sprintf
    main.o(i.app_task_dht) refers to queue.o(i.xQueueGenericSend) for xQueueGenericSend
    main.o(i.app_task_dht) refers to tasks.o(i.vTaskDelay) for vTaskDelay
    main.o(i.app_task_dht) refers to tasks.o(i.vTaskResume) for vTaskResume
    main.o(i.app_task_dht) refers to main.o(.data) for .data
    main.o(i.app_task_esp8266) refers to _printf_percent.o(.ARM.Collect$$_printf_percent$$00000000) for _printf_percent
    main.o(i.app_task_esp8266) refers to _printf_c.o(.ARM.Collect$$_printf_percent$$00000013) for _printf_c
    main.o(i.app_task_esp8266) refers to _printf_str.o(.text) for _printf_str
    main.o(i.app_task_esp8266) refers to rt_memclr_w.o(.text) for __aeabi_memclr4
    main.o(i.app_task_esp8266) refers to main.o(i.dgb_printf_safe) for dgb_printf_safe
    main.o(i.app_task_esp8266) refers to delay.o(i.delay_ms) for delay_ms
    main.o(i.app_task_esp8266) refers to esp8266_mqtt.o(i.esp8266_mqtt_init) for esp8266_mqtt_init
    main.o(i.app_task_esp8266) refers to queue.o(i.xQueueGenericSend) for xQueueGenericSend
    main.o(i.app_task_esp8266) refers to queue.o(i.xQueueSemaphoreTake) for xQueueSemaphoreTake
    main.o(i.app_task_esp8266) refers to tasks.o(i.vTaskResume) for vTaskResume
    main.o(i.app_task_esp8266) refers to queue.o(i.xQueueReceive) for xQueueReceive
    main.o(i.app_task_esp8266) refers to __2sprintf.o(.text) for __2sprintf
    main.o(i.app_task_esp8266) refers to strstr.o(.text) for strstr
    main.o(i.app_task_esp8266) refers to main.o(.data) for .data
    main.o(i.app_task_esp8266) refers to bmp.o(.constdata) for pic_lock_icon
    main.o(i.app_task_esp8266) refers to bmp.o(.constdata) for pic_unlock_icon
    main.o(i.app_task_flash) refers to main.o(i.dgb_printf_safe) for dgb_printf_safe
    main.o(i.app_task_flash) refers to queue.o(i.xQueueReceive) for xQueueReceive
    main.o(i.app_task_flash) refers to flash.o(i.flash_read_offset) for flash_read_offset
    main.o(i.app_task_flash) refers to flash.o(i.flash_init) for flash_init
    main.o(i.app_task_flash) refers to stm32f4xx_rtc.o(i.RTC_GetDate) for RTC_GetDate
    main.o(i.app_task_flash) refers to stm32f4xx_rtc.o(i.RTC_GetTime) for RTC_GetTime
    main.o(i.app_task_flash) refers to port.o(i.vPortEnterCritical) for vPortEnterCritical
    main.o(i.app_task_flash) refers to flash.o(i.flash_write) for flash_write
    main.o(i.app_task_flash) refers to port.o(i.vPortExitCritical) for vPortExitCritical
    main.o(i.app_task_flash) refers to main.o(.data) for .data
    main.o(i.app_task_fpm383) refers to main.o(i.dgb_printf_safe) for dgb_printf_safe
    main.o(i.app_task_fpm383) refers to event_groups.o(i.xEventGroupWaitBits) for xEventGroupWaitBits
    main.o(i.app_task_fpm383) refers to tasks.o(i.vTaskSuspend) for vTaskSuspend
    main.o(i.app_task_fpm383) refers to fpm383.o(i.fpm_ctrl_led) for fpm_ctrl_led
    main.o(i.app_task_fpm383) refers to fpm383.o(i.fpm_idenify_auto) for fpm_idenify_auto
    main.o(i.app_task_fpm383) refers to queue.o(i.xQueueGenericSend) for xQueueGenericSend
    main.o(i.app_task_fpm383) refers to queue.o(i.xQueueSemaphoreTake) for xQueueSemaphoreTake
    main.o(i.app_task_fpm383) refers to tasks.o(i.vTaskDelay) for vTaskDelay
    main.o(i.app_task_fpm383) refers to delay.o(i.delay_ms) for delay_ms
    main.o(i.app_task_fpm383) refers to fpm383.o(i.fpm_sleep) for fpm_sleep
    main.o(i.app_task_fpm383) refers to fpm383.o(i.fpm_id_total) for fpm_id_total
    main.o(i.app_task_fpm383) refers to fpm383.o(i.fpm_enroll_auto) for fpm_enroll_auto
[...]
    __aeabi_memcpy4                          0x08000909   Thumb Code     0  rt_memcpy_w.o(.text)
    __aeabi_memcpy8                          0x08000909   Thumb Code     0  rt_memcpy_w.o(.text)
    __rt_memcpy_w                            0x08000909   Thumb Code   100  rt_memcpy_w.o(.text)
    _memcpy_lastbytes_aligned                0x08000951   Thumb Code     0  rt_memcpy_w.o(.text)
    __aeabi_memset                           0x0800096d   Thumb Code    16  aeabi_memset.o(.text)
    __aeabi_memclr                           0x0800097d   Thumb Code     0  rt_memclr.o(.text)
    __rt_memclr                              0x0800097d   Thumb Code    68  rt_memclr.o(.text)
    _memset                                  0x08000981   Thumb Code     0  rt_memclr.o(.text)
    __aeabi_memclr4                          0x080009c1   Thumb Code     0  rt_memclr_w.o(.text)
    __aeabi_memclr8                          0x080009c1   Thumb Code     0  rt_memclr_w.o(.text)
    __rt_memclr_w                            0x080009c1   Thumb Code    78  rt_memclr_w.o(.text)
    _memset_w                                0x080009c5   Thumb Code     0  rt_memclr_w.o(.text)
    strcmp                                   0x08000a11   Thumb Code   128  strcmpv7m.o(.text)
    __use_two_region_memory                  0x08000a91   Thumb Code     2  heapauxi.o(.text)
    __rt_heap_escrow                         0x08000a93   Thumb Code     2  heapauxi.o(.text)
    __rt_heap_expand                         0x08000a95   Thumb Code     2  heapauxi.o(.text)
    __I$use$semihosting                      0x08000a97   Thumb Code     0  use_no_semi.o(.text)
    __use_no_semihosting_swi                 0x08000a97   Thumb Code     2  use_no_semi.o(.text)
    __rt_ctype_table                         0x08000a99   Thumb Code    16  rt_ctype_table.o(.text)
    __aeabi_errno_addr                       0x08000aa9   Thumb Code     8  rt_errno_addr_intlibspace.o(.text)
    __errno$intlibspace                      0x08000aa9   Thumb Code     0  rt_errno_addr_intlibspace.o(.text)
    __rt_errno_addr$intlibspace              0x08000aa9   Thumb Code     0  rt_errno_addr_intlibspace.o(.text)
    _printf_truncate_signed                  0x08000ab1   Thumb Code    18  _printf_truncate.o(.text)
    _printf_truncate_unsigned                0x08000ac3   Thumb Code    18  _printf_truncate.o(.text)
    _printf_int_common                       0x08000ad5   Thumb Code   178  _printf_intcommon.o(.text)
    _printf_charcount                        0x08000b87   Thumb Code    40  _printf_charcount.o(.text)
    __lib_sel_fp_printf                      0x08000baf   Thumb Code     2  _printf_fp_dec.o(.text)
    _printf_fp_dec_real                      0x08000d5d   Thumb Code   620  _printf_fp_dec.o(.text)
    _printf_char_common                      0x08000fd3   Thumb Code    32  _printf_char_common.o(.text)
    _sputc                                   0x08000ff9   Thumb Code    10  _sputc.o(.text)
    _printf_cs_common                        0x08001003   Thumb Code    20  _printf_char.o(.text)
    _printf_char                             0x08001017   Thumb Code    16  _printf_char.o(.text)
    _printf_string                           0x08001027   Thumb Code     8  _printf_char.o(.text)
    _printf_char_file                        0x08001031   Thumb Code    32  _printf_char_file.o(.text)
    _printf_wctomb                           0x08001055   Thumb Code   182  _printf_wctomb.o(.text)
    _printf_longlong_dec                     0x08001111   Thumb Code   108  _printf_longlong_dec.o(.text)
    _printf_longlong_oct                     0x0800118d   Thumb Code    68  _printf_oct_int_ll.o(.text)
    _printf_int_oct                          0x080011d1   Thumb Code    24  _printf_oct_int_ll.o(.text)
    _printf_ll_oct                           0x080011e9   Thumb Code    12  _printf_oct_int_ll.o(.text)
    strtol                                   0x080011fd   Thumb Code   112  strtol.o(.text)
    __strtok_internal                        0x0800126d   Thumb Code    64  strtok_int.o(.text)
    __user_libspace                          0x080012b1   Thumb Code     8  libspace.o(.text)
    __user_perproc_libspace                  0x080012b1   Thumb Code     0  libspace.o(.text)
    __user_perthread_libspace                0x080012b1   Thumb Code     0  libspace.o(.text)
    __rt_locale                              0x080012b9   Thumb Code     8  rt_locale_intlibspace.o(.text)
    _ll_udiv10                               0x080012c1   Thumb Code   138  lludiv10.o(.text)
    _printf_fp_infnan                        0x0800134d   Thumb Code   112  _printf_fp_infnan.o(.text)
    _printf_lcs_common                       0x080013cd   Thumb Code    20  _printf_wchar.o(.text)
    _printf_wchar                            0x080013e1   Thumb Code    16  _printf_wchar.o(.text)
    _printf_wstring                          0x080013f1   Thumb Code     8  _printf_wchar.o(.text)
    _strtoul                                 0x080013f9   Thumb Code   158  _strtoul.o(.text)
    _btod_etento                             0x08001499   Thumb Code   216  bigflt0.o(.text)
    ferror                                   0x08001575   Thumb Code     8  ferror.o(.text)
    _wcrtomb                                 0x0800157d   Thumb Code    64  _wcrtomb.o(.text)
    strcspn                                  0x080015bd   Thumb Code    32  strcspn.o(.text)
    strspn                                   0x080015dd   Thumb Code    28  strspn.o(.text)
    __user_setup_stackheap                   0x080015f9   Thumb Code    74  sys_stackheap_outer.o(.text)
    _chval                                   0x08001643   Thumb Code    28  _chval.o(.text)
    exit                                     0x0800165f   Thumb Code    12  exit.o(.text)
    _btod_d2e                                0x0800166b   Thumb Code    62  btod.o(CL$$btod_d2e)
    _d2e_denorm_low                          0x080016a9   Thumb Code    70  btod.o(CL$$btod_d2e_denorm_low)
    _d2e_norm_op1                            0x080016ef   Thumb Code    96  btod.o(CL$$btod_d2e_norm_op1)
    __btod_div_common                        0x0800174f   Thumb Code   696  btod.o(CL$$btod_div_common)
    _e2e                                     0x08001a87   Thumb Code   198  btod.o(CL$$btod_e2e)
    _btod_ediv                               0x08001b4d   Thumb Code    40  btod.o(CL$$btod_ediv)
    _btod_emul                               0x08001b75   Thumb Code    40  btod.o(CL$$btod_emul)
    __btod_mult_common                       0x08001b9d   Thumb Code   580  btod.o(CL$$btod_mult_common)
    BusFault_Handler                         0x08001de1   Thumb Code     2  stm32f4xx_it.o(i.BusFault_Handler)
    DebugMon_Handler                         0x08001de3   Thumb Code     2  stm32f4xx_it.o(i.DebugMon_Handler)
    EXTI0_IRQHandler                         0x08001de5   Thumb Code    54  key.o(i.EXTI0_IRQHandler)
    EXTI2_IRQHandler                         0x08001e21   Thumb Code    54  key.o(i.EXTI2_IRQHandler)
    EXTI3_IRQHandler                         0x08001e5d   Thumb Code    54  key.o(i.EXTI3_IRQHandler)
    EXTI4_IRQHandler                         0x08001e99   Thumb Code    54  key.o(i.EXTI4_IRQHandler)
    EXTI9_5_IRQHandler                       0x08001ed5   Thumb Code    30  fpm383.o(i.EXTI9_5_IRQHandler)
    EXTI_ClearITPendingBit                   0x08001ef9   Thumb Code     6  stm32f4xx_exti.o(i.EXTI_ClearITPendingBit)
    EXTI_GetITStatus                         0x08001f05   Thumb Code    16  stm32f4xx_exti.o(i.EXTI_GetITStatus)
    EXTI_Init                                0x08001f19   Thumb Code   108  stm32f4xx_exti.o(i.EXTI_Init)
    FLASH_ClearFlag                          0x08001f89   Thumb Code     6  stm32f4xx_flash.o(i.FLASH_ClearFlag)
    FLASH_EraseSector                        0x08001f95   Thumb Code   104  stm32f4xx_flash.o(i.FLASH_EraseSector)
    FLASH_GetStatus                          0x08002001   Thumb Code    56  stm32f4xx_flash.o(i.FLASH_GetStatus)
    FLASH_Lock                               0x0800203d   Thumb Code    12  stm32f4xx_flash.o(i.FLASH_Lock)
    FLASH_ProgramWord                        0x0800204d   Thumb Code    56  stm32f4xx_flash.o(i.FLASH_ProgramWord)
    FLASH_Unlock                             0x08002089   Thumb Code    22  stm32f4xx_flash.o(i.FLASH_Unlock)
    FLASH_WaitForLastOperation               0x080020ad   Thumb Code    30  stm32f4xx_flash.o(i.FLASH_WaitForLastOperation)
    GPIO_Init                                0x080020cb   Thumb Code   120  stm32f4xx_gpio.o(i.GPIO_Init)
    GPIO_PinAFConfig                         0x08002143   Thumb Code    32  stm32f4xx_gpio.o(i.GPIO_PinAFConfig)
    GPIO_ReadOutputDataBit                   0x08002163   Thumb Code    14  stm32f4xx_gpio.o(i.GPIO_ReadOutputDataBit)
    GPIO_SetBits                             0x08002171   Thumb Code     4  stm32f4xx_gpio.o(i.GPIO_SetBits)
    HardFault_Handler                        0x08002175   Thumb Code     2  stm32f4xx_it.o(i.HardFault_Handler)
    MemManage_Handler                        0x08002177   Thumb Code     2  stm32f4xx_it.o(i.MemManage_Handler)
    NMI_Handler                              0x08002179   Thumb Code     2  stm32f4xx_it.o(i.NMI_Handler)
    NVIC_Init                                0x080021a9   Thumb Code    96  misc.o(i.NVIC_Init)
    NVIC_PriorityGroupConfig                 0x0800220d   Thumb Code    10  misc.o(i.NVIC_PriorityGroupConfig)
    OLED_Clear                               0x08002221   Thumb Code    58  oled.o(i.OLED_Clear)
    OLED_Display_Off                         0x0800225b   Thumb Code    30  oled.o(i.OLED_Display_Off)
    OLED_Display_On                          0x08002279   Thumb Code    30  oled.o(i.OLED_Display_On)
    OLED_DrawBMP                             0x08002297   Thumb Code    64  oled.o(i.OLED_DrawBMP)
    OLED_Init                                0x080022d9   Thumb Code   302  oled.o(i.OLED_Init)
    OLED_Set_Pos                             0x0800240d   Thumb Code    42  oled.o(i.OLED_Set_Pos)
    OLED_ShowCHinese                         0x08002439   Thumb Code    74  oled.o(i.OLED_ShowCHinese)
    OLED_ShowChar                            0x08002489   Thumb Code   128  oled.o(i.OLED_ShowChar)
    OLED_ShowString                          0x08002511   Thumb Code    54  oled.o(i.OLED_ShowString)
    OLED_WR_Byte                             0x08002547   Thumb Code    12  oled.o(i.OLED_WR_Byte)
    PWR_BackupAccessCmd                      0x08002555   Thumb Code     6  stm32f4xx_pwr.o(i.PWR_BackupAccessCmd)
    RCC_AHB1PeriphClockCmd                   0x08002561   Thumb Code    18  stm32f4xx_rcc.o(i.RCC_AHB1PeriphClockCmd)
    RCC_APB1PeriphClockCmd                   0x08002579   Thumb Code    18  stm32f4xx_rcc.o(i.RCC_APB1PeriphClockCmd)
    RCC_APB2PeriphClockCmd                   0x08002591   Thumb Code    18  stm32f4xx_rcc.o(i.RCC_APB2PeriphClockCmd)
    RCC_GetClocksFreq                        0x080025a9   Thumb Code   132  stm32f4xx_rcc.o(i.RCC_GetClocksFreq)
    RCC_GetFlagStatus                        0x08002639   Thumb Code    46  stm32f4xx_rcc.o(i.RCC_GetFlagStatus)
    RCC_LSICmd                               0x0800266d   Thumb Code     6  stm32f4xx_rcc.o(i.RCC_LSICmd)
    RCC_RTCCLKCmd                            0x08002679   Thumb Code     6  stm32f4xx_rcc.o(i.RCC_RTCCLKCmd)
    RCC_RTCCLKConfig                         0x08002685   Thumb Code    40  stm32f4xx_rcc.o(i.RCC_RTCCLKConfig)
    RTC_AlarmCmd                             0x080026b5   Thumb Code    78  stm32f4xx_rtc.o(i.RTC_AlarmCmd)
    RTC_Alarm_IRQHandler                     0x08002709   Thumb Code    46  rtc.o(i.RTC_Alarm_IRQHandler)
    RTC_ClearFlag                            0x08002769   Thumb Code    22  stm32f4xx_rtc.o(i.RTC_ClearFlag)
    RTC_ClearITPendingBit                    0x08002785   Thumb Code    24  stm32f4xx_rtc.o(i.RTC_ClearITPendingBit)
    RTC_EnterInitMode                        0x080027a1   Thumb Code    56  stm32f4xx_rtc.o(i.RTC_EnterInitMode)
    RTC_ExitInitMode                         0x080027dd   Thumb Code    12  stm32f4xx_rtc.o(i.RTC_ExitInitMode)
    RTC_GetDate                              0x080027ed   Thumb Code    66  stm32f4xx_rtc.o(i.RTC_GetDate)
    RTC_GetITStatus                          0x08002839   Thumb Code    46  stm32f4xx_rtc.o(i.RTC_GetITStatus)
    RTC_GetTime                              0x08002871   Thumb Code    70  stm32f4xx_rtc.o(i.RTC_GetTime)
    RTC_ITConfig                             0x080028c1   Thumb Code    60  stm32f4xx_rtc.o(i.RTC_ITConfig)
    RTC_Init                                 0x08002901   Thumb Code    74  stm32f4xx_rtc.o(i.RTC_Init)
    RTC_ReadBackupRegister                   0x08002951   Thumb Code    14  stm32f4xx_rtc.o(i.RTC_ReadBackupRegister)
    RTC_SetAlarm                             0x08002965   Thumb Code   158  stm32f4xx_rtc.o(i.RTC_SetAlarm)
    RTC_SetDate                              0x08002a09   Thumb Code   144  stm32f4xx_rtc.o(i.RTC_SetDate)
    RTC_SetTime                              0x08002aa1   Thumb Code   150  stm32f4xx_rtc.o(i.RTC_SetTime)
    RTC_SetWakeUpCounter                     0x08002b41   Thumb Code    22  stm32f4xx_rtc.o(i.RTC_SetWakeUpCounter)
    RTC_WKUP_IRQHandler                      0x08002b5d   Thumb Code    64  rtc.o(i.RTC_WKUP_IRQHandler)
    RTC_WaitForSynchro                       0x08002ba1   Thumb Code    70  stm32f4xx_rtc.o(i.RTC_WaitForSynchro)
    RTC_WakeUpClockConfig                    0x08002bed   Thumb Code    34  stm32f4xx_rtc.o(i.RTC_WakeUpClockConfig)
    RTC_WakeUpCmd                            0x08002c15   Thumb Code    84  stm32f4xx_rtc.o(i.RTC_WakeUpCmd)
    RTC_WriteBackupRegister                  0x08002c6d   Thumb Code    14  stm32f4xx_rtc.o(i.RTC_WriteBackupRegister)
    SYSCFG_EXTILineConfig                    0x08002c81   Thumb Code    42  stm32f4xx_syscfg.o(i.SYSCFG_EXTILineConfig)
    SysTick_Handler                          0x08002d65   Thumb Code    38  port.o(i.SysTick_Handler)
    SystemInit                               0x08002d91   Thumb Code    74  system_stm32f4xx.o(i.SystemInit)
    TIM2_IRQHandler                          0x08002ded   Thumb Code   108  fr1002.o(i.TIM2_IRQHandler)
    TIM3_IRQHandler                          0x08002e69   Thumb Code    60  fpm383.o(i.TIM3_IRQHandler)
    TIM_ClearITPendingBit                    0x08002ead   Thumb Code     6  stm32f4xx_tim.o(i.TIM_ClearITPendingBit)
    TIM_Cmd                                  0x08002eb3   Thumb Code    20  stm32f4xx_tim.o(i.TIM_Cmd)
    TIM_CtrlPWMOutputs                       0x08002ec7   Thumb Code    22  stm32f4xx_tim.o(i.TIM_CtrlPWMOutputs)
    TIM_GetITStatus                          0x08002edd   Thumb Code    24  stm32f4xx_tim.o(i.TIM_GetITStatus)
    TIM_ITConfig                             0x08002ef5   Thumb Code    16  stm32f4xx_tim.o(i.TIM_ITConfig)
    TIM_OC4Init                              0x08002f05   Thumb Code    88  stm32f4xx_tim.o(i.TIM_OC4Init)
    TIM_SetCompare4                          0x08002f65   Thumb Code     4  stm32f4xx_tim.o(i.TIM_SetCompare4)
    TIM_SetCounter                           0x08002f69   Thumb Code     4  stm32f4xx_tim.o(i.TIM_SetCounter)
    TIM_TimeBaseInit                         0x08002f6d   Thumb Code    96  stm32f4xx_tim.o(i.TIM_TimeBaseInit)
    USART1_IRQHandler                        0x08002fe9   Thumb Code   118  usart.o(i.USART1_IRQHandler)
    USART2_IRQHandler                        0x0800306d   Thumb Code    64  fpm383.o(i.USART2_IRQHandler)
    USART3_IRQHandler                        0x080030b9   Thumb Code    82  esp8266.o(i.USART3_IRQHandler)
    USART6_IRQHandler                        0x08003119   Thumb Code   134  usart.o(i.USART6_IRQHandler)
    USART_ClearITPendingBit                  0x080031b5   Thumb Code    12  stm32f4xx_usart.o(i.USART_ClearITPendingBit)
    USART_Cmd                                0x080031c1   Thumb Code    20  stm32f4xx_usart.o(i.USART_Cmd)
    USART_GetFlagStatus                      0x080031d5   Thumb Code    14  stm32f4xx_usart.o(i.USART_GetFlagStatus)
    USART_GetITStatus                        0x080031e3   Thumb Code    62  stm32f4xx_usart.o(i.USART_GetITStatus)
    USART_ITConfig                           0x08003221   Thumb Code    48  stm32f4xx_usart.o(i.USART_ITConfig)
    USART_Init                               0x08003251   Thumb Code   164  stm32f4xx_usart.o(i.USART_Init)
    USART_ReceiveData                        0x080032fd   Thumb Code     8  stm32f4xx_usart.o(i.USART_ReceiveData)
    USART_SendData                           0x08003305   Thumb Code     8  stm32f4xx_usart.o(i.USART_SendData)
    UsageFault_Handler                       0x0800330d   Thumb Code     2  stm32f4xx_it.o(i.UsageFault_Handler)
    Write_IIC_Byte                           0x08003311   Thumb Code    94  oled.o(i.Write_IIC_Byte)
    Write_IIC_Command                        0x08003375   Thumb Code    46  oled.o(i.Write_IIC_Command)
    Write_IIC_Data                           0x080033a3   Thumb Code    46  oled.o(i.Write_IIC_Data)
    __ARM_fpclassify                         0x080033d1   Thumb Code    48  fpclassify.o(i.__ARM_fpclassify)
    _is_digit                                0x08003401   Thumb Code    14  __printf_wp.o(i._is_digit)
    _sys_exit                                0x08003559   Thumb Code     2  usart.o(i._sys_exit)
    beep_init                                0x08005f11   Thumb Code    54  beep.o(i.beep_init)
    delay_ms                                 0x08005f65   Thumb Code     4  delay.o(i.delay_ms)
    delay_us                                 0x08005f69   Thumb Code    72  delay.o(i.delay_us)
    dgb_printf_safe                          0x08005fb9   Thumb Code    44  main.o(i.dgb_printf_safe)
    dht11_init                               0x08005fe9   Thumb Code    46  dht11.o(i.dht11_init)
    dht11_read                               0x08006025   Thumb Code   286  dht11.o(i.dht11_read)
    esp8266_connect_ap                       0x08006151   Thumb Code   118  esp8266.o(i.esp8266_connect_ap)
    esp8266_connect_server                   0x08006205   Thumb Code   130  esp8266.o(i.esp8266_connect_server)
    esp8266_enable_echo                      0x080062b5   Thumb Code    34  esp8266.o(i.esp8266_enable_echo)
    esp8266_entry_transparent_transmission   0x080062ed   Thumb Code    60  esp8266.o(i.esp8266_entry_transparent_transmission)
    esp8266_exit_transparent_transmission    0x08006351   Thumb Code    28  esp8266.o(i.esp8266_exit_transparent_transmission)
    esp8266_find_str_in_rx_packet            0x08006371   Thumb Code    54  esp8266.o(i.esp8266_find_str_in_rx_packet)
    esp8266_init                             0x080063d1   Thumb Code     8  esp8266.o(i.esp8266_init)
    esp8266_mqtt_init                        0x080063d9   Thumb Code   268  esp8266_mqtt.o(i.esp8266_mqtt_init)
    esp8266_reset                            0x080067dd   Thumb Code    28  esp8266.o(i.esp8266_reset)
    esp8266_send_at                          0x08006809   Thumb Code    30  esp8266.o(i.esp8266_send_at)
    esp8266_send_bytes                       0x08006831   Thumb Code     4  esp8266.o(i.esp8266_send_bytes)
    flash_init                               0x08006835   Thumb Code    28  flash.o(i.flash_init)
    flash_read                               0x08006851   Thumb Code   692  flash.o(i.flash_read)
    flash_read_offset                        0x08006ba1   Thumb Code    30  flash.o(i.flash_read_offset)
    flash_write                              0x08006bc1   Thumb Code    46  flash.o(i.flash_write)
    fpm_ctrl_led                             0x08006bf5   Thumb Code    40  fpm383.o(i.fpm_ctrl_led)
    fpm_empty                                0x08006c21   Thumb Code    96  fpm383.o(i.fpm_empty)
    fpm_enroll_auto                          0x08006ce9   Thumb Code   198  fpm383.o(i.fpm_enroll_auto)
    fpm_id_total                             0x08006e35   Thumb Code   110  fpm383.o(i.fpm_id_total)
    fpm_idenify_auto                         0x08006f1d   Thumb Code   238  fpm383.o(i.fpm_idenify_auto)
    fpm_init                                 0x080070c1   Thumb Code    26  fpm383.o(i.fpm_init)
    fpm_send_data                            0x080070dd   Thumb Code    52  fpm383.o(i.fpm_send_data)
    fpm_sleep                                0x08007119   Thumb Code    20  fpm383.o(i.fpm_sleep)
    fpm_touch_init                           0x08007139   Thumb Code    94  fpm383.o(i.fpm_touch_init)
    fputc                                    0x080071a1   Thumb Code    18  usart.o(i.fputc)
    i2c_sda_mode                             0x080071b9   Thumb Code    26  oled.o(i.i2c_sda_mode)
    i2c_start                                0x080071dd   Thumb Code    50  oled.o(i.i2c_start)
    i2c_stop                                 0x08007215   Thumb Code    52  oled.o(i.i2c_stop)
    i2c_wait_ack                             0x0800724d   Thumb Code    50  oled.o(i.i2c_wait_ack)
    kbd_init                                 0x08007285   Thumb Code   136  keyboard.o(i.kbd_init)
    kbd_read                                 0x0800731d   Thumb Code    76  keyboard.o(i.kbd_read)
    key_init                                 0x0800736d   Thumb Code   238  key.o(i.key_init)
    led_breath_brightness                    0x08007465   Thumb Code     8  led.o(i.led_breath_brightness)
    led_breath_init                          0x08007471   Thumb Code   144  led.o(i.led_breath_init)
    led_breath_run                           0x08007509   Thumb Code    30  led.o(i.led_breath_run)
    led_breath_stop                          0x0800752d   Thumb Code    30  led.o(i.led_breath_stop)
    led_init                                 0x08007551   Thumb Code    88  led.o(i.led_init)
    main                                     0x080075b1   Thumb Code    88  main.o(i.main)
    motor_corotation_double_pos              0x08007629   Thumb Code   152  motor.o(i.motor_corotation_double_pos)
    motor_corotation_double_rev              0x080076d1   Thumb Code   152  motor.o(i.motor_corotation_double_rev)
    motor_init                               0x08007779   Thumb Code   178  motor.o(i.motor_init)
    mqtt_connect                             0x0800784d   Thumb Code   388  esp8266_mqtt.o(i.mqtt_connect)
    mqtt_publish_data                        0x080079e1   Thumb Code   176  esp8266_mqtt.o(i.mqtt_publish_data)
    mqtt_report_devices_status               0x08007a99   Thumb Code   136  esp8266_mqtt.o(i.mqtt_report_devices_status)
    mqtt_send_bytes                          0x08007b75   Thumb Code     4  esp8266_mqtt.o(i.mqtt_send_bytes)
    mqtt_send_heart                          0x08007b79   Thumb Code     8  esp8266_mqtt.o(i.mqtt_send_heart)
    mqtt_subscribe_topic                     0x08007b85   Thumb Code   228  esp8266_mqtt.o(i.mqtt_subscribe_topic)
    pvPortMalloc                             0x080083c9   Thumb Code   216  heap_4.o(i.pvPortMalloc)
    pvTaskIncrementMutexHeldCount            0x080084a5   Thumb Code    18  tasks.o(i.pvTaskIncrementMutexHeldCount)
    pxPortInitialiseStack                    0x080084bd   Thumb Code    40  port.o(i.pxPortInitialiseStack)
    rtc_alarm_init                           0x080084e9   Thumb Code   136  rtc.o(i.rtc_alarm_init)
    rtc_init                                 0x08008571   Thumb Code   236  rtc.o(i.rtc_init)
    rtc_resume_init                          0x0800865d   Thumb Code   174  rtc.o(i.rtc_resume_init)
    sr04_get_distance                        0x0800870d   Thumb Code   100  sr04.o(i.sr04_get_distance)
    sr04_init                                0x08008781   Thumb Code    70  sr04.o(i.sr04_init)
    to_hex                                   0x08008835   Thumb Code    22  rtc.o(i.to_hex)
    usart2_init                              0x0800884d   Thumb Code   162  usart.o(i.usart2_init)
    usart3_init                              0x0800894d   Thumb Code   166  usart.o(i.usart3_init)
    usart3_send_bytes                        0x080089fd   Thumb Code    38  usart.o(i.usart3_send_bytes)
    usart3_send_str                          0x08008a29   Thumb Code    36  usart.o(i.usart3_send_str)
    usart6_init                              0x08008a51   Thumb Code   174  usart.o(i.usart6_init)
    uxListRemove                             0x08008b09   Thumb Code    38  list.o(i.uxListRemove)
    uxTaskResetEventItemValue                0x08008b31   Thumb Code    20  tasks.o(i.uxTaskResetEventItemValue)
    vApplicationIdleHook                     0x08008b49   Thumb Code     2  main.o(i.vApplicationIdleHook)
    vApplicationMallocFailedHook             0x08008b4b   Thumb Code    16  main.o(i.vApplicationMallocFailedHook)
    vApplicationStackOverflowHook            0x08008b5b   Thumb Code    16  main.o(i.vApplicationStackOverflowHook)
    vApplicationTickHook                     0x08008b6b   Thumb Code     2  main.o(i.vApplicationTickHook)
    vEventGroupSetBitsCallback               0x08008b6d   Thumb Code     4  event_groups.o(i.vEventGroupSetBitsCallback)
    vListInitialise                          0x08008b71   Thumb Code    22  list.o(i.vListInitialise)
    vListInitialiseItem                      0x08008b87   Thumb Code     6  list.o(i.vListInitialiseItem)
    vListInsert                              0x08008b8d   Thumb Code    48  list.o(i.vListInsert)
    vListInsertEnd                           0x08008bbd   Thumb Code    24  list.o(i.vListInsertEnd)
    vPortEnterCritical                       0x08008bd5   Thumb Code    54  port.o(i.vPortEnterCritical)
    vPortExitCritical                        0x08008c15   Thumb Code    34  port.o(i.vPortExitCritical)
    vPortFree                                0x08008c3d   Thumb Code    88  heap_4.o(i.vPortFree)
    vPortSetupTimerInterrupt                 0x08008c99   Thumb Code    32  port.o(i.vPortSetupTimerInterrupt)
    vPortValidateInterruptPriority           0x08008cbd   Thumb Code    74  port.o(i.vPortValidateInterruptPriority)
    vQueueAddToRegistry                      0x08008d11   Thumb Code    32  queue.o(i.vQueueAddToRegistry)
    vQueueWaitForMessageRestricted           0x08008d35   Thumb Code    68  queue.o(i.vQueueWaitForMessageRestricted)
    vTaskDelay                               0x08008d79   Thumb Code    66  tasks.o(i.vTaskDelay)
    vTaskDelete                              0x08008dc5   Thumb Code   156  tasks.o(i.vTaskDelete)
    vTaskInternalSetTimeOutState             0x08008e71   Thumb Code    12  tasks.o(i.vTaskInternalSetTimeOutState)
    vTaskMissedYield                         0x08008e81   Thumb Code     8  tasks.o(i.vTaskMissedYield)
    vTaskPlaceOnEventList                    0x08008e8d   Thumb Code    44  tasks.o(i.vTaskPlaceOnEventList)
    vTaskPlaceOnEventListRestricted          0x08008ebd   Thumb Code    52  tasks.o(i.vTaskPlaceOnEventListRestricted)
    vTaskPlaceOnUnorderedEventList           0x08008ef5   Thumb Code    72  tasks.o(i.vTaskPlaceOnUnorderedEventList)
    vTaskPriorityDisinheritAfterTimeout      0x08008f41   Thumb Code   162  tasks.o(i.vTaskPriorityDisinheritAfterTimeout)
    vTaskRemoveFromUnorderedEventList        0x08008fed   Thumb Code   104  tasks.o(i.vTaskRemoveFromUnorderedEventList)
    vTaskResume                              0x0800905d   Thumb Code   112  tasks.o(i.vTaskResume)
    vTaskStartScheduler                      0x080090d9   Thumb Code    94  tasks.o(i.vTaskStartScheduler)
    vTaskSuspend                             0x08009149   Thumb Code   170  tasks.o(i.vTaskSuspend)
    vTaskSuspendAll                          0x08009205   Thumb Code    10  tasks.o(i.vTaskSuspendAll)
    vTaskSwitchContext                       0x08009215   Thumb Code   126  tasks.o(i.vTaskSwitchContext)
    xEventGroupCreate                        0x0800929d   Thumb Code    26  event_groups.o(i.xEventGroupCreate)
    xEventGroupSetBits                       0x080092b7   Thumb Code   140  event_groups.o(i.xEventGroupSetBits)
    xEventGroupSetBitsFromISR                0x08009345   Thumb Code    12  event_groups.o(i.xEventGroupSetBitsFromISR)
    xEventGroupWaitBits                      0x08009355   Thumb Code   258  event_groups.o(i.xEventGroupWaitBits)
    xPortStartScheduler                      0x0800945d   Thumb Code   224  port.o(i.xPortStartScheduler)
    xQueueCreateCountingSemaphore            0x08009551   Thumb Code    58  queue.o(i.xQueueCreateCountingSemaphore)
    xQueueCreateMutex                        0x0800958b   Thumb Code    36  queue.o(i.xQueueCreateMutex)
    xQueueGenericCreate                      0x080095af   Thumb Code    82  queue.o(i.xQueueGenericCreate)
    xQueueGenericReset                       0x08009601   Thumb Code   132  queue.o(i.xQueueGenericReset)
    xQueueGenericSend                        0x08009689   Thumb Code   350  queue.o(i.xQueueGenericSend)
    xQueueGenericSendFromISR                 0x080097ed   Thumb Code   188  queue.o(i.xQueueGenericSendFromISR)
    xQueueReceive                            0x080098a9   Thumb Code   308  queue.o(i.xQueueReceive)
    xQueueSemaphoreTake                      0x080099e1   Thumb Code   372  queue.o(i.xQueueSemaphoreTake)
    xTaskCheckForTimeOut                     0x08009b59   Thumb Code   112  tasks.o(i.xTaskCheckForTimeOut)
    xTaskCreate                              0x08009bcd   Thumb Code    86  tasks.o(i.xTaskCreate)
    xTaskGetSchedulerState                   0x08009c25   Thumb Code    22  tasks.o(i.xTaskGetSchedulerState)
    xTaskGetTickCount                        0x08009c41   Thumb Code     6  tasks.o(i.xTaskGetTickCount)
    xTaskIncrementTick                       0x08009c4d   Thumb Code   182  tasks.o(i.xTaskIncrementTick)
    xTaskPriorityDisinherit                  0x08009d0d   Thumb Code   144  tasks.o(i.xTaskPriorityDisinherit)
    xTaskPriorityInherit                     0x08009da5   Thumb Code   140  tasks.o(i.xTaskPriorityInherit)
    xTaskRemoveFromEventList                 0x08009e39   Thumb Code   106  tasks.o(i.xTaskRemoveFromEventList)
    xTaskResumeAll                           0x08009eb1   Thumb Code   182  tasks.o(i.xTaskResumeAll)
    xTimerCreateTimerTask                    0x08009f75   Thumb Code    58  timers.o(i.xTimerCreateTimerTask)
    xTimerGenericCommand                     0x08009fc1   Thumb Code    94  timers.o(i.xTimerGenericCommand)
    xTimerPendFunctionCallFromISR            0x0800a025   Thumb Code    34  timers.o(i.xTimerPendFunctionCallFromISR)
    _get_lc_ctype                            0x0800a04d   Thumb Code    44  lc_ctype_c.o(locale$$code)
    _get_lc_numeric                          0x0800a079   Thumb Code    44  lc_numeric_c.o(locale$$code)
    __fpl_dretinf                            0x0800a0a5   Thumb Code    12  dretinf.o(x$fpl$dretinf)
    __aeabi_f2d                              0x0800a0b1   Thumb Code     0  f2d.o(x$fpl$f2d)
    _f2d                                     0x0800a0b1   Thumb Code    86  f2d.o(x$fpl$f2d)
    __fpl_fnaninf                            0x0800a107   Thumb Code   140  fnaninf.o(x$fpl$fnaninf)
    _fp_init                                 0x0800a193   Thumb Code    10  fpinit.o(x$fpl$fpinit)
    __fplib_config_fpu_vfp                   0x0800a19b   Thumb Code     0  fpinit.o(x$fpl$fpinit)
    __fplib_config_pureend_doubles           0x0800a19b   Thumb Code     0  fpinit.o(x$fpl$fpinit)
    _printf_fp_dec                           0x0800a19d   Thumb Code     4  printf1.o(x$fpl$printf1)
    __I$use$fp                               0x0800a1a0   Number         0  usenofp.o(x$fpl$usenofp)
    pass_auth_default                        0x0800a1a0   Data           6  main.o(.constdata)
    pic_logo                                 0x0800b470   Data        1024  bmp.o(.constdata)
    pic_lock_icon                            0x0800b870   Data         512  bmp.o(.constdata)
    pic_unlock_icon                          0x0800ba70   Data         512  bmp.o(.constdata)
    pic_error_icon                           0x0800bc70   Data         512  bmp.o(.constdata)
    g_packet_disconnect                      0x0800bea0   Data           2  esp8266_mqtt.o(.constdata)
    g_packet_heart                           0x0800bea2   Data           2  esp8266_mqtt.o(.constdata)
    Region$$Table$$Base                      0x0800c308   Number         0  anon$$obj.o(Region$$Table)
    Region$$Table$$Limit                     0x0800c328   Number         0  anon$$obj.o(Region$$Table)
    __ctype                                  0x0800c335   Data           0  lc_ctype_c.o(locale$$data)
    g_temp                                   0x2000001c   Data           4  main.o(.data)
    g_humi                                   0x20000020   Data           4  main.o(.data)
    g_rtc_get_what                           0x20000024   Data           4  main.o(.data)
    g_dht_get_what                           0x20000028   Data           4  main.o(.data)
    g_unlock_what                            0x2000002c   Data           4  main.o(.data)
    g_pass_man_what                          0x20000030   Data           4  main.o(.data)
    g_pass_unlock_mode                       0x20000034   Data           4  main.o(.data)
    g_sem_led                                0x20000038   Data           4  main.o(.data)
    g_sem_beep                               0x2000003c   Data           4  main.o(.data)
    g_sem_motor                              0x20000040   Data           4  main.o(.data)
    g_mutex_printf                           0x20000044   Data           4  main.o(.data)
    g_event_group                            0x20000048   Data           4  main.o(.data)
    g_queue_usart                            0x2000004c   Data           4  main.o(.data)
    g_queue_led                              0x20000050   Data           4  main.o(.data)
    g_queue_beep                             0x20000054   Data           4  main.o(.data)
    g_queue_oled                             0x20000058   Data           4  main.o(.data)
    g_queue_flash                            0x2000005c   Data           4  main.o(.data)
    g_queue_keyboard                         0x20000060   Data           4  main.o(.data)
    g_queue_frm                              0x20000064   Data           4  main.o(.data)
    g_queue_motor                            0x20000068   Data           4  main.o(.data)
    g_queue_esp8266                          0x2000006c   Data           4  main.o(.data)
    SystemCoreClock                          0x200000a0   Data           4  system_stm32f4xx.o(.data)
    AHBPrescTable                            0x200000a4   Data          16  system_stm32f4xx.o(.data)
    USART2_STA                               0x200000d0   Data           1  fpm383.o(.data)
    g_fpm_touch_event                        0x200000d4   Data           4  fpm383.o(.data)
    g_mqtt_tx_len                            0x200000fc   Data           4  esp8266_mqtt.o(.data)
    g_esp8266_rx_cnt                         0x20000100   Data           4  esp8266.o(.data)
    g_usart1_rx_cnt                          0x20000104   Data           4  usart.o(.data)
    __stdout                                 0x2000010c   Data           4  usart.o(.data)
    pxCurrentTCB                             0x20000120   Data           4  tasks.o(.data)
    g_mqtt_msg                               0x200001e4   Data         526  esp8266_mqtt.o(.bss)
    g_esp8266_tx_buf                         0x200003f2   Data         512  esp8266.o(.bss)
    g_esp8266_rx_buf                         0x200005f2   Data         512  esp8266.o(.bss)
    g_usart1_rx_buf                          0x20000833   Data          64  usart.o(.bss)
    xQueueRegistry                           0x20000874   Data          64  queue.o(.bss)
    __libspace_start                         0x200137c0   Data          96  libspace.o(.bss)
    __temporary_stack_top$libspace           0x20013820   Data           0  libspace.o(.bss)



==============================================================================

Memory Map of the image

  Image Entry point : 0x08000189

  Load Region LR_IROM1 (Base: 0x08000000, Size: 0x0000c5ec, Max: 0x00080000, ABSOLUTE, COMPRESSED[0x0000c478])

    Execution Region ER_IROM1 (Base: 0x08000000, Size: 0x0000c454, Max: 0x00080000, ABSOLUTE)

    Base Addr    Size         Type   Attr      Idx    E Section Name        Object

    0x08000000   0x00000188   Data   RO         2464    RESET               startup_stm32f40_41xxx.o
    0x08000188   0x00000008   Code   RO         5807  * !!!main             c_w.l(__main.o)
    0x08000190   0x00000034   Code   RO         6262    !!!scatter          c_w.l(__scatter.o)
    0x080001c4   0x0000005a   Code   RO         6260    !!dczerorl2         c_w.l(__dczerorl2.o)
    0x0800021e   0x00000002   PAD
    0x08000220   0x0000001c   Code   RO         6264    !!handler_zi        c_w.l(__scatter_zi.o)
    0x0800023c   0x00000000   Code   RO         5773    .ARM.Collect$$_printf_percent$$00000000  c_w.l(_printf_percent.o)
    0x0800023c   0x00000006   Code   RO         5913    .ARM.Collect$$_printf_percent$$00000001  c_w.l(_printf_n.o)
    0x08000242   0x00000006   Code   RO         5914    .ARM.Collect$$_printf_percent$$00000002  c_w.l(_printf_p.o)
    0x08000248   0x00000006   Code   RO         5771    .ARM.Collect$$_printf_percent$$00000003  c_w.l(_printf_f.o)
    0x0800024e   0x00000006   Code   RO         5917    .ARM.Collect$$_printf_percent$$00000004  c_w.l(_printf_e.o)
    0x08000254   0x00000006   Code   RO         5772    .ARM.Collect$$_printf_percent$$00000005  c_w.l(_printf_g.o)
    0x0800025a   0x00000006   Code   RO         5918    .ARM.Collect$$_printf_percent$$00000006  c_w.l(_printf_a.o)
    0x08000260   0x0000000a   Code   RO         5923    .ARM.Collect$$_printf_percent$$00000007  c_w.l(_printf_ll.o)
    0x0800026a   0x00000006   Code   RO         5769    .ARM.Collect$$_printf_percent$$00000008  c_w.l(_printf_i.o)
    0x08000270   0x00000006   Code   RO         5770    .ARM.Collect$$_printf_percent$$00000009  c_w.l(_printf_d.o)
    0x08000276   0x00000006   Code   RO         5916    .ARM.Collect$$_printf_percent$$0000000A  c_w.l(_printf_u.o)
    0x0800027c   0x00000006   Code   RO         5915    .ARM.Collect$$_printf_percent$$0000000B  c_w.l(_printf_o.o)
    0x08000282   0x00000006   Code   RO         5768    .ARM.Collect$$_printf_percent$$0000000C  c_w.l(_printf_x.o)
    0x08000288   0x00000006   Code   RO         5920    .ARM.Collect$$_printf_percent$$0000000D  c_w.l(_printf_lli.o)
    0x0800028e   0x00000006   Code   RO         5921    .ARM.Collect$$_printf_percent$$0000000E  c_w.l(_printf_lld.o)
    0x08000294   0x00000006   Code   RO         5922    .ARM.Collect$$_printf_percent$$0000000F  c_w.l(_printf_llu.o)
    0x0800029a   0x00000006   Code   RO         5927    .ARM.Collect$$_printf_percent$$00000010  c_w.l(_printf_llo.o)
    0x080002a0   0x00000006   Code   RO         5928    .ARM.Collect$$_printf_percent$$00000011  c_w.l(_printf_llx.o)
    0x080002a6   0x0000000a   Code   RO         5924    .ARM.Collect$$_printf_percent$$00000012  c_w.l(_printf_l.o)
    0x080002b0   0x00000006   Code   RO         5766    .ARM.Collect$$_printf_percent$$00000013  c_w.l(_printf_c.o)
    0x080002b6   0x00000006   Code   RO         5767    .ARM.Collect$$_printf_percent$$00000014  c_w.l(_printf_s.o)
    0x080002bc   0x00000006   Code   RO         5925    .ARM.Collect$$_printf_percent$$00000015  c_w.l(_printf_lc.o)
    0x080002c2   0x00000006   Code   RO         5926    .ARM.Collect$$_printf_percent$$00000016  c_w.l(_printf_ls.o)
    0x080002c8   0x00000004   Code   RO         5919    .ARM.Collect$$_printf_percent$$00000017  c_w.l(_printf_percent_end.o)
    0x080002cc   0x00000002   Code   RO         6147    .ARM.Collect$$libinit$$00000000  c_w.l(libinit.o)
    0x080002ce   0x00000004   Code   RO         5943    .ARM.Collect$$libinit$$00000001  c_w.l(libinit2.o)
    0x080002d2   0x00000000   Code   RO         5946    .ARM.Collect$$libinit$$00000004  c_w.l(libinit2.o)
    0x080002d2   0x00000000   Code   RO         5949    .ARM.Collect$$libinit$$0000000A  c_w.l(libinit2.o)
    0x080002d2   0x00000000   Code   RO         5951    .ARM.Collect$$libinit$$0000000C  c_w.l(libinit2.o)
    0x080002d2   0x00000000   Code   RO         5953    .ARM.Collect$$libinit$$0000000E  c_w.l(libinit2.o)
    0x080002d2   0x00000006   Code   RO         5954    .ARM.Collect$$libinit$$0000000F  c_w.l(libinit2.o)
    0x080002d8   0x00000000   Code   RO         5956    .ARM.Collect$$libinit$$00000011  c_w.l(libinit2.o)
    0x080002d8   0x0000000c   Code   RO         5957    .ARM.Collect$$libinit$$00000012  c_w.l(libinit2.o)
    0x080002e4   0x00000000   Code   RO         5958    .ARM.Collect$$libinit$$00000013  c_w.l(libinit2.o)
    0x080002e4   0x00000000   Code   RO         5960    .ARM.Collect$$libinit$$00000015  c_w.l(libinit2.o)
    0x080002e4   0x0000000a   Code   RO         5961    .ARM.Collect$$libinit$$00000016  c_w.l(libinit2.o)
    0x080002ee   0x00000000   Code   RO         5962    .ARM.Collect$$libinit$$00000017  c_w.l(libinit2.o)
    0x080002ee   0x00000000   Code   RO         5964    .ARM.Collect$$libinit$$00000019  c_w.l(libinit2.o)
    0x080002ee   0x00000000   Code   RO         5966    .ARM.Collect$$libinit$$0000001B  c_w.l(libinit2.o)
    0x080002ee   0x00000000   Code   RO         5968    .ARM.Collect$$libinit$$0000001D  c_w.l(libinit2.o)
    0x080002ee   0x00000000   Code   RO         5970    .ARM.Collect$$libinit$$0000001F  c_w.l(libinit2.o)
    0x080002ee   0x00000000   Code   RO         5972    .ARM.Collect$$libinit$$00000021  c_w.l(libinit2.o)
    0x080002ee   0x00000000   Code   RO         5974    .ARM.Collect$$libinit$$00000023  c_w.l(libinit2.o)
    0x080002ee   0x00000000   Code   RO         5976    .ARM.Collect$$libinit$$00000025  c_w.l(libinit2.o)
    0x080002ee   0x00000000   Code   RO         5980    .ARM.Collect$$libinit$$0000002C  c_w.l(libinit2.o)
    0x080002ee   0x00000000   Code   RO         5982    .ARM.Collect$$libinit$$0000002E  c_w.l(libinit2.o)
    0x080002ee   0x00000000   Code   RO         5984    .ARM.Collect$$libinit$$00000030  c_w.l(libinit2.o)
    0x080002ee   0x00000000   Code   RO         5986    .ARM.Collect$$libinit$$00000032  c_w.l(libinit2.o)
    0x080002ee   0x00000002   Code   RO         5987    .ARM.Collect$$libinit$$00000033  c_w.l(libinit2.o)
    0x080002f0   0x00000002   Code   RO         6247    .ARM.Collect$$libshutdown$$00000000  c_w.l(libshutdown.o)
    0x080002f2   0x00000000   Code   RO         6172    .ARM.Collect$$libshutdown$$00000003  c_w.l(libshutdown2.o)
    0x080002f2   0x00000000   Code   RO         6175    .ARM.Collect$$libshutdown$$00000006  c_w.l(libshutdown2.o)
    0x080002f2   0x00000000   Code   RO         6178    .ARM.Collect$$libshutdown$$00000009  c_w.l(libshutdown2.o)
    0x080002f2   0x00000000   Code   RO         6180    .ARM.Collect$$libshutdown$$0000000B  c_w.l(libshutdown2.o)
    0x080002f2   0x00000000   Code   RO         6183    .ARM.Collect$$libshutdown$$0000000E  c_w.l(libshutdown2.o)
    0x080002f2   0x00000002   Code   RO         6184    .ARM.Collect$$libshutdown$$0000000F  c_w.l(libshutdown2.o)
    0x080002f4   0x00000000   Code   RO         5853    .ARM.Collect$$rtentry$$00000000  c_w.l(__rtentry.o)
    0x080002f4   0x00000000   Code   RO         6003    .ARM.Collect$$rtentry$$00000002  c_w.l(__rtentry2.o)
    0x080002f4   0x00000006   Code   RO         6015    .ARM.Collect$$rtentry$$00000004  c_w.l(__rtentry4.o)
    0x080002fa   0x00000000   Code   RO         6005    .ARM.Collect$$rtentry$$00000009  c_w.l(__rtentry2.o)
    0x080002fa   0x00000004   Code   RO         6006    .ARM.Collect$$rtentry$$0000000A  c_w.l(__rtentry2.o)
    0x080002fe   0x00000000   Code   RO         6008    .ARM.Collect$$rtentry$$0000000C  c_w.l(__rtentry2.o)
    0x080002fe   0x00000008   Code   RO         6009    .ARM.Collect$$rtentry$$0000000D  c_w.l(__rtentry2.o)
    0x08000306   0x00000002   Code   RO         6158    .ARM.Collect$$rtexit$$00000000  c_w.l(rtexit.o)
    0x08000308   0x00000000   Code   RO         6204    .ARM.Collect$$rtexit$$00000002  c_w.l(rtexit2.o)
    0x08000308   0x00000004   Code   RO         6205    .ARM.Collect$$rtexit$$00000003  c_w.l(rtexit2.o)
    0x0800030c   0x00000006   Code   RO         6206    .ARM.Collect$$rtexit$$00000004  c_w.l(rtexit2.o)
    0x08000312   0x00000002   PAD
    0x08000314   0x000000be   Code   RO         5556    .emb_text           port.o
    0x080003d2   0x00000002   PAD
    0x080003d4   0x00000040   Code   RO         2465    .text               startup_stm32f40_41xxx.o
    0x08000414   0x00000002   Code   RO         5635    .text               c_w.l(use_no_semi_2.o)
    0x08000416   0x00000002   PAD
    0x08000418   0x0000000c   Code   RO         5707    .text               c_w.l(c89vprintf.o)
    0x08000424   0x00000018   Code   RO         5709    .text               c_w.l(__2printf.o)
    0x0800043c   0x0000002c   Code   RO         5711    .text               c_w.l(__2sprintf.o)
    0x08000468   0x0000004e   Code   RO         5719    .text               c_w.l(_printf_pad.o)
    0x080004b6   0x00000052   Code   RO         5721    .text               c_w.l(_printf_str.o)
    0x08000508   0x00000078   Code   RO         5723    .text               c_w.l(_printf_dec.o)
    0x08000580   0x00000094   Code   RO         5743    .text               c_w.l(_printf_hex_int_ll_ptr.o)
    0x08000614   0x00000188   Code   RO         5763    .text               c_w.l(__printf_flags_ss_wp.o)
    0x0800079c   0x0000001a   Code   RO         5776    .text               c_w.l(atoi.o)
    0x080007b6   0x00000002   PAD
    0x080007b8   0x0000000c   Code   RO         5778    .text               c_w.l(strtok.o)
    0x080007c4   0x00000024   Code   RO         5781    .text               c_w.l(strstr.o)
    0x080007e8   0x00000058   Code   RO         5783    .text               c_w.l(memcmp.o)
    0x08000840   0x0000003e   Code   RO         5787    .text               c_w.l(strlen.o)
    0x0800087e   0x0000008a   Code   RO         5791    .text               c_w.l(rt_memcpy_v6.o)
    0x08000908   0x00000064   Code   RO         5793    .text               c_w.l(rt_memcpy_w.o)
    0x0800096c   0x00000010   Code   RO         5797    .text               c_w.l(aeabi_memset.o)
    0x0800097c   0x00000044   Code   RO         5799    .text               c_w.l(rt_memclr.o)
    0x080009c0   0x0000004e   Code   RO         5801    .text               c_w.l(rt_memclr_w.o)
    0x08000a0e   0x00000002   PAD
    0x08000a10   0x00000080   Code   RO         5803    .text               c_w.l(strcmpv7m.o)
    0x08000a90   0x00000006   Code   RO         5805    .text               c_w.l(heapauxi.o)
    0x08000a96   0x00000002   Code   RO         5849    .text               c_w.l(use_no_semi.o)
    0x08000a98   0x00000010   Code   RO         5854    .text               c_w.l(rt_ctype_table.o)
    0x08000aa8   0x00000008   Code   RO         5864    .text               c_w.l(rt_errno_addr_intlibspace.o)
    0x08000ab0   0x00000024   Code   RO         5886    .text               c_w.l(_printf_truncate.o)
    0x08000ad4   0x000000b2   Code   RO         5888    .text               c_w.l(_printf_intcommon.o)
    0x08000b86   0x00000028   Code   RO         5890    .text               c_w.l(_printf_charcount.o)
    0x08000bae   0x0000041a   Code   RO         5892    .text               c_w.l(_printf_fp_dec.o)
    0x08000fc8   0x00000030   Code   RO         5894    .text               c_w.l(_printf_char_common.o)
    0x08000ff8   0x0000000a   Code   RO         5896    .text               c_w.l(_sputc.o)
    0x08001002   0x0000002c   Code   RO         5898    .text               c_w.l(_printf_char.o)
    0x0800102e   0x00000002   PAD
    0x08001030   0x00000024   Code   RO         5900    .text               c_w.l(_printf_char_file.o)
    0x08001054   0x000000bc   Code   RO         5902    .text               c_w.l(_printf_wctomb.o)
    0x08001110   0x0000007c   Code   RO         5905    .text               c_w.l(_printf_longlong_dec.o)
    0x0800118c   0x00000070   Code   RO         5911    .text               c_w.l(_printf_oct_int_ll.o)
    0x080011fc   0x00000070   Code   RO         5937    .text               c_w.l(strtol.o)
    0x0800126c   0x00000044   Code   RO         5939    .text               c_w.l(strtok_int.o)
    0x080012b0   0x00000008   Code   RO         5999    .text               c_w.l(libspace.o)
    0x080012b8   0x00000008   Code   RO         6020    .text               c_w.l(rt_locale_intlibspace.o)
    0x080012c0   0x0000008a   Code   RO         6030    .text               c_w.l(lludiv10.o)
    0x0800134a   0x00000002   PAD
    0x0800134c   0x00000080   Code   RO         6034    .text               c_w.l(_printf_fp_infnan.o)
    0x080013cc   0x0000002c   Code   RO         6038    .text               c_w.l(_printf_wchar.o)
    0x080013f8   0x0000009e   Code   RO         6042    .text               c_w.l(_strtoul.o)
    0x08001496   0x00000002   PAD
    0x08001498   0x000000dc   Code   RO         6044    .text               c_w.l(bigflt0.o)
    0x08001574   0x00000008   Code   RO         6069    .text               c_w.l(ferror.o)
    0x0800157c   0x00000040   Code   RO         6073    .text               c_w.l(_wcrtomb.o)
    0x080015bc   0x00000020   Code   RO         6085    .text               c_w.l(strcspn.o)
    0x080015dc   0x0000001c   Code   RO         6087    .text               c_w.l(strspn.o)
    0x080015f8   0x0000004a   Code   RO         6118    .text               c_w.l(sys_stackheap_outer.o)
    0x08001642   0x0000001c   Code   RO         6126    .text               c_w.l(_chval.o)
    0x0800165e   0x0000000c   Code   RO         6132    .text               c_w.l(exit.o)
    0x0800166a   0x0000003e   Code   RO         6047    CL$$btod_d2e        c_w.l(btod.o)
    0x080016a8   0x00000046   Code   RO         6049    CL$$btod_d2e_denorm_low  c_w.l(btod.o)
    0x080016ee   0x00000060   Code   RO         6048    CL$$btod_d2e_norm_op1  c_w.l(btod.o)
    0x0800174e   0x00000338   Code   RO         6057    CL$$btod_div_common  c_w.l(btod.o)
    0x08001a86   0x000000c6   Code   RO         6054    CL$$btod_e2e        c_w.l(btod.o)
    0x08001b4c   0x00000028   Code   RO         6051    CL$$btod_ediv       c_w.l(btod.o)
    0x08001b74   0x00000028   Code   RO         6050    CL$$btod_emul       c_w.l(btod.o)
    0x08001b9c   0x00000244   Code   RO         6056    CL$$btod_mult_common  c_w.l(btod.o)
    0x08001de0   0x00000002   Code   RO          401    i.BusFault_Handler  stm32f4xx_it.o
    0x08001de2   0x00000002   Code   RO          402    i.DebugMon_Handler  stm32f4xx_it.o
    0x08001de4   0x0000003c   Code   RO          947    i.EXTI0_IRQHandler  key.o
    0x08001e20   0x0000003c   Code   RO          948    i.EXTI2_IRQHandler  key.o
    0x08001e5c   0x0000003c   Code   RO          949    i.EXTI3_IRQHandler  key.o
    0x08001e98   0x0000003c   Code   RO          950    i.EXTI4_IRQHandler  key.o
    0x08001ed4   0x00000024   Code   RO         1201    i.EXTI9_5_IRQHandler  fpm383.o
    0x08001ef8   0x0000000c   Code   RO         3390    i.EXTI_ClearITPendingBit  stm32f4xx_exti.o
    0x08001f04   0x00000014   Code   RO         3394    i.EXTI_GetITStatus  stm32f4xx_exti.o
    0x08001f18   0x00000070   Code   RO         3395    i.EXTI_Init         stm32f4xx_exti.o
    0x08001f88   0x0000000c   Code   RO         3135    i.FLASH_ClearFlag   stm32f4xx_flash.o
    0x08001f94   0x0000006c   Code   RO         3141    i.FLASH_EraseSector  stm32f4xx_flash.o
    0x08002000   0x0000003c   Code   RO         3143    i.FLASH_GetStatus   stm32f4xx_flash.o
    0x0800203c   0x00000010   Code   RO         3147    i.FLASH_Lock        stm32f4xx_flash.o
    0x0800204c   0x0000003c   Code   RO         3171    i.FLASH_ProgramWord  stm32f4xx_flash.o
    0x08002088   0x00000024   Code   RO         3173    i.FLASH_Unlock      stm32f4xx_flash.o
    0x080020ac   0x0000001e   Code   RO         3174    i.FLASH_WaitForLastOperation  stm32f4xx_flash.o
    0x080020ca   0x00000078   Code   RO         2516    i.GPIO_Init         stm32f4xx_gpio.o
    0x08002142   0x00000020   Code   RO         2517    i.GPIO_PinAFConfig  stm32f4xx_gpio.o
    0x08002162   0x0000000e   Code   RO         2522    i.GPIO_ReadOutputDataBit  stm32f4xx_gpio.o
    0x08002170   0x00000004   Code   RO         2524    i.GPIO_SetBits      stm32f4xx_gpio.o
    0x08002174   0x00000002   Code   RO          403    i.HardFault_Handler  stm32f4xx_it.o
    0x08002176   0x00000002   Code   RO          404    i.MemManage_Handler  stm32f4xx_it.o
    0x08002178   0x00000002   Code   RO          405    i.NMI_Handler       stm32f4xx_it.o
    0x0800217a   0x00000016   Code   RO            3    i.NVIC_DisableIRQ   main.o
    0x08002190   0x00000016   Code   RO            4    i.NVIC_EnableIRQ    main.o
    0x080021a6   0x00000002   PAD
    0x080021a8   0x00000064   Code   RO         2471    i.NVIC_Init         misc.o
    0x0800220c   0x00000014   Code   RO         2472    i.NVIC_PriorityGroupConfig  misc.o
    0x08002220   0x0000003a   Code   RO          646    i.OLED_Clear        oled.o
    0x0800225a   0x0000001e   Code   RO          648    i.OLED_Display_Off  oled.o
    0x08002278   0x0000001e   Code   RO          649    i.OLED_Display_On   oled.o
    0x08002296   0x00000040   Code   RO          650    i.OLED_DrawBMP      oled.o
    0x080022d6   0x00000002   PAD
    0x080022d8   0x00000134   Code   RO          651    i.OLED_Init         oled.o
    0x0800240c   0x0000002a   Code   RO          653    i.OLED_Set_Pos      oled.o
    0x08002436   0x00000002   PAD
    0x08002438   0x00000050   Code   RO          654    i.OLED_ShowCHinese  oled.o
    0x08002488   0x00000088   Code   RO          655    i.OLED_ShowChar     oled.o
    0x08002510   0x00000036   Code   RO          657    i.OLED_ShowString   oled.o
    0x08002546   0x0000000c   Code   RO          658    i.OLED_WR_Byte      oled.o
    0x08002552   0x00000002   PAD
    0x08002554   0x0000000c   Code   RO         3861    i.PWR_BackupAccessCmd  stm32f4xx_pwr.o
    0x08002560   0x00000018   Code   RO         2613    i.RCC_AHB1PeriphClockCmd  stm32f4xx_rcc.o
    0x08002578   0x00000018   Code   RO         2622    i.RCC_APB1PeriphClockCmd  stm32f4xx_rcc.o
    0x08002590   0x00000018   Code   RO         2625    i.RCC_APB2PeriphClockCmd  stm32f4xx_rcc.o
    0x080025a8   0x00000090   Code   RO         2634    i.RCC_GetClocksFreq  stm32f4xx_rcc.o
    0x08002638   0x00000034   Code   RO         2635    i.RCC_GetFlagStatus  stm32f4xx_rcc.o
    0x0800266c   0x0000000c   Code   RO         2645    i.RCC_LSICmd        stm32f4xx_rcc.o
    0x08002678   0x0000000c   Code   RO         2657    i.RCC_RTCCLKCmd     stm32f4xx_rcc.o
    0x08002684   0x00000030   Code   RO         2658    i.RCC_RTCCLKConfig  stm32f4xx_rcc.o
    0x080026b4   0x00000054   Code   RO         3507    i.RTC_AlarmCmd      stm32f4xx_rtc.o
    0x08002708   0x00000034   Code   RO         1010    i.RTC_Alarm_IRQHandler  rtc.o
    0x0800273c   0x00000012   Code   RO         3510    i.RTC_Bcd2ToByte    stm32f4xx_rtc.o
    0x0800274e   0x00000018   Code   RO         3512    i.RTC_ByteToBcd2    stm32f4xx_rtc.o
    0x08002766   0x00000002   PAD
    0x08002768   0x0000001c   Code   RO         3515    i.RTC_ClearFlag     stm32f4xx_rtc.o
    0x08002784   0x0000001c   Code   RO         3516    i.RTC_ClearITPendingBit  stm32f4xx_rtc.o
    0x080027a0   0x0000003c   Code   RO         3522    i.RTC_EnterInitMode  stm32f4xx_rtc.o
    0x080027dc   0x00000010   Code   RO         3523    i.RTC_ExitInitMode  stm32f4xx_rtc.o
    0x080027ec   0x0000004c   Code   RO         3526    i.RTC_GetDate       stm32f4xx_rtc.o
    0x08002838   0x00000038   Code   RO         3528    i.RTC_GetITStatus   stm32f4xx_rtc.o
    0x08002870   0x00000050   Code   RO         3531    i.RTC_GetTime       stm32f4xx_rtc.o
    0x080028c0   0x00000040   Code   RO         3535    i.RTC_ITConfig      stm32f4xx_rtc.o
    0x08002900   0x00000050   Code   RO         3536    i.RTC_Init          stm32f4xx_rtc.o
    0x08002950   0x00000014   Code   RO         3539    i.RTC_ReadBackupRegister  stm32f4xx_rtc.o
    0x08002964   0x000000a4   Code   RO         3541    i.RTC_SetAlarm      stm32f4xx_rtc.o
    0x08002a08   0x00000098   Code   RO         3542    i.RTC_SetDate       stm32f4xx_rtc.o
    0x08002aa0   0x000000a0   Code   RO         3543    i.RTC_SetTime       stm32f4xx_rtc.o
    0x08002b40   0x0000001c   Code   RO         3544    i.RTC_SetWakeUpCounter  stm32f4xx_rtc.o
    0x08002b5c   0x00000044   Code   RO         1011    i.RTC_WKUP_IRQHandler  rtc.o
    0x08002ba0   0x0000004c   Code   RO         3559    i.RTC_WaitForSynchro  stm32f4xx_rtc.o
    0x08002bec   0x00000028   Code   RO         3560    i.RTC_WakeUpClockConfig  stm32f4xx_rtc.o
    0x08002c14   0x00000058   Code   RO         3561    i.RTC_WakeUpCmd     stm32f4xx_rtc.o
    0x08002c6c   0x00000014   Code   RO         3562    i.RTC_WriteBackupRegister  stm32f4xx_rtc.o
    0x08002c80   0x00000030   Code   RO         3454    i.SYSCFG_EXTILineConfig  stm32f4xx_syscfg.o
    0x08002cb0   0x000000b4   Code   RO          480    i.SetSysClock       system_stm32f4xx.o
    0x08002d64   0x0000002c   Code   RO         5557    i.SysTick_Handler   port.o
    0x08002d90   0x0000005c   Code   RO          482    i.SystemInit        system_stm32f4xx.o
    0x08002dec   0x0000007c   Code   RO         1316    i.TIM2_IRQHandler   fr1002.o
    0x08002e68   0x00000044   Code   RO         1202    i.TIM3_IRQHandler   fpm383.o
    0x08002eac   0x00000006   Code   RO         3992    i.TIM_ClearITPendingBit  stm32f4xx_tim.o
    0x08002eb2   0x00000014   Code   RO         3997    i.TIM_Cmd           stm32f4xx_tim.o
    0x08002ec6   0x00000016   Code   RO         3999    i.TIM_CtrlPWMOutputs  stm32f4xx_tim.o
    0x08002edc   0x00000018   Code   RO         4018    i.TIM_GetITStatus   stm32f4xx_tim.o
    0x08002ef4   0x00000010   Code   RO         4022    i.TIM_ITConfig      stm32f4xx_tim.o
    0x08002f04   0x00000060   Code   RO         4041    i.TIM_OC4Init       stm32f4xx_tim.o
    0x08002f64   0x00000004   Code   RO         4062    i.TIM_SetCompare4   stm32f4xx_tim.o
    0x08002f68   0x00000004   Code   RO         4063    i.TIM_SetCounter    stm32f4xx_tim.o
    0x08002f6c   0x0000007c   Code   RO         4069    i.TIM_TimeBaseInit  stm32f4xx_tim.o
    0x08002fe8   0x00000084   Code   RO         2353    i.USART1_IRQHandler  usart.o
    0x0800306c   0x0000004c   Code   RO         1203    i.USART2_IRQHandler  fpm383.o
    0x080030b8   0x00000060   Code   RO         1544    i.USART3_IRQHandler  esp8266.o
    0x08003118   0x0000009c   Code   RO         2354    i.USART6_IRQHandler  usart.o
    0x080031b4   0x0000000c   Code   RO         2948    i.USART_ClearITPendingBit  stm32f4xx_usart.o
    0x080031c0   0x00000014   Code   RO         2951    i.USART_Cmd         stm32f4xx_usart.o
    0x080031d4   0x0000000e   Code   RO         2954    i.USART_GetFlagStatus  stm32f4xx_usart.o
    0x080031e2   0x0000003e   Code   RO         2955    i.USART_GetITStatus  stm32f4xx_usart.o
    0x08003220   0x00000030   Code   RO         2957    i.USART_ITConfig    stm32f4xx_usart.o
    0x08003250   0x000000ac   Code   RO         2958    i.USART_Init        stm32f4xx_usart.o
    0x080032fc   0x00000008   Code   RO         2965    i.USART_ReceiveData  stm32f4xx_usart.o
    0x08003304   0x00000008   Code   RO         2968    i.USART_SendData    stm32f4xx_usart.o
    0x0800330c   0x00000002   Code   RO          406    i.UsageFault_Handler  stm32f4xx_it.o
    0x0800330e   0x00000002   PAD
    0x08003310   0x00000064   Code   RO          659    i.Write_IIC_Byte    oled.o
    0x08003374   0x0000002e   Code   RO          660    i.Write_IIC_Command  oled.o
    0x080033a2   0x0000002e   Code   RO          661    i.Write_IIC_Data    oled.o
    0x080033d0   0x00000030   Code   RO         6107    i.__ARM_fpclassify  m_wm.l(fpclassify.o)
    0x08003400   0x0000000e   Code   RO         5756    i._is_digit         c_w.l(__printf_wp.o)
    0x0800340e   0x00000002   PAD
    0x08003410   0x00000148   Code   RO         1096    i._kbd_read         keyboard.o
    0x08003558   0x00000002   Code   RO         2355    i._sys_exit         usart.o
    0x0800355a   0x00000002   PAD
    0x0800355c   0x00000084   Code   RO            5    i.app_task_beep     main.o
    0x080035e0   0x00000234   Code   RO            6    i.app_task_dht      main.o
    0x08003814   0x000007fc   Code   RO            7    i.app_task_esp8266  main.o
    0x08004010   0x0000013c   Code   RO            8    i.app_task_flash    main.o
    0x0800414c   0x00000614   Code   RO            9    i.app_task_fpm383   main.o
    0x08004760   0x0000019c   Code   RO           10    i.app_task_init     main.o
    0x080048fc   0x000001c0   Code   RO           11    i.app_task_key      main.o
    0x08004abc   0x0000015c   Code   RO           12    i.app_task_keyboard  main.o
    0x08004c18   0x000000a0   Code   RO           13    i.app_task_led      main.o
    0x08004cb8   0x000000a0   Code   RO           14    i.app_task_led_breath  main.o
    0x08004d58   0x00000088   Code   RO           15    i.app_task_monitor  main.o
    0x08004de0   0x00000140   Code   RO           16    i.app_task_motor    main.o
    0x08004f20   0x000000a8   Code   RO           17    i.app_task_mqtt     main.o
    0x08004fc8   0x00000104   Code   RO           18    i.app_task_oled     main.o
    0x080050cc   0x000005c8   Code   RO           19    i.app_task_password_man  main.o
    0x08005694   0x000001b4   Code   RO           20    i.app_task_rtc      main.o
    0x08005848   0x000001e8   Code   RO           21    i.app_task_sr04     main.o
    0x08005a30   0x000004e0   Code   RO           22    i.app_task_usart    main.o
    0x08005f10   0x00000040   Code   RO          569    i.beep_init         beep.o
    0x08005f50   0x00000014   Code   RO         1204    i.check_sum         fpm383.o
    0x08005f64   0x00000004   Code   RO         2297    i.delay_ms          delay.o
    0x08005f68   0x00000050   Code   RO         2298    i.delay_us          delay.o
    0x08005fb8   0x00000030   Code   RO           23    i.dgb_printf_safe   main.o
    0x08005fe8   0x0000003c   Code   RO          618    i.dht11_init        dht11.o
    0x08006024   0x0000012c   Code   RO          619    i.dht11_read        dht11.o
    0x08006150   0x000000b4   Code   RO         1546    i.esp8266_connect_ap  esp8266.o
    0x08006204   0x000000b0   Code   RO         1547    i.esp8266_connect_server  esp8266.o
    0x080062b4   0x00000038   Code   RO         1550    i.esp8266_enable_echo  esp8266.o
    0x080062ec   0x00000064   Code   RO         1552    i.esp8266_entry_transparent_transmission  esp8266.o
    0x08006350   0x00000020   Code   RO         1553    i.esp8266_exit_transparent_transmission  esp8266.o
    0x08006370   0x00000060   Code   RO         1554    i.esp8266_find_str_in_rx_packet  esp8266.o
    0x080063d0   0x00000008   Code   RO         1555    i.esp8266_init      esp8266.o
    0x080063d8   0x00000404   Code   RO         1468    i.esp8266_mqtt_init  esp8266_mqtt.o
    0x080067dc   0x0000002c   Code   RO         1556    i.esp8266_reset     esp8266.o
    0x08006808   0x00000028   Code   RO         1558    i.esp8266_send_at   esp8266.o
    0x08006830   0x00000004   Code   RO         1559    i.esp8266_send_bytes  esp8266.o
    0x08006834   0x0000001c   Code   RO          909    i.flash_init        flash.o
    0x08006850   0x00000350   Code   RO          910    i.flash_read        flash.o
    0x08006ba0   0x0000001e   Code   RO          911    i.flash_read_offset  flash.o
    0x08006bbe   0x00000002   PAD
    0x08006bc0   0x00000034   Code   RO          912    i.flash_write       flash.o
    0x08006bf4   0x0000002c   Code   RO         1205    i.fpm_ctrl_led      fpm383.o
    0x08006c20   0x000000c8   Code   RO         1206    i.fpm_empty         fpm383.o
    0x08006ce8   0x0000014c   Code   RO         1207    i.fpm_enroll_auto   fpm383.o
    0x08006e34   0x000000e8   Code   RO         1209    i.fpm_id_total      fpm383.o
    0x08006f1c   0x000001a4   Code   RO         1210    i.fpm_idenify_auto  fpm383.o
    0x080070c0   0x0000001a   Code   RO         1211    i.fpm_init          fpm383.o
    0x080070da   0x00000002   PAD
    0x080070dc   0x0000003c   Code   RO         1212    i.fpm_send_data     fpm383.o
    0x08007118   0x00000020   Code   RO         1213    i.fpm_sleep         fpm383.o
    0x08007138   0x00000068   Code   RO         1214    i.fpm_touch_init    fpm383.o
    0x080071a0   0x00000018   Code   RO         2357    i.fputc             usart.o
    0x080071b8   0x00000024   Code   RO          663    i.i2c_sda_mode      oled.o
    0x080071dc   0x00000038   Code   RO          664    i.i2c_start         oled.o
    0x08007214   0x00000038   Code   RO          665    i.i2c_stop          oled.o
    0x0800724c   0x00000038   Code   RO          666    i.i2c_wait_ack      oled.o
    0x08007284   0x00000098   Code   RO         1097    i.kbd_init          keyboard.o
    0x0800731c   0x00000050   Code   RO         1098    i.kbd_read          keyboard.o
    0x0800736c   0x000000f8   Code   RO          951    i.key_init          key.o
    0x08007464   0x0000000c   Code   RO          517    i.led_breath_brightness  led.o
    0x08007470   0x00000098   Code   RO          518    i.led_breath_init   led.o
    0x08007508   0x00000024   Code   RO          519    i.led_breath_run    led.o
    0x0800752c   0x00000024   Code   RO          520    i.led_breath_stop   led.o
    0x08007550   0x00000060   Code   RO          521    i.led_init          led.o
    0x080075b0   0x00000078   Code   RO           24    i.main              main.o
    0x08007628   0x000000a8   Code   RO         1424    i.motor_corotation_double_pos  motor.o
    0x080076d0   0x000000a8   Code   RO         1425    i.motor_corotation_double_rev  motor.o
    0x08007778   0x000000d4   Code   RO         1428    i.motor_init        motor.o
    0x0800784c   0x00000194   Code   RO         1469    i.mqtt_connect      esp8266_mqtt.o
    0x080079e0   0x000000b8   Code   RO         1472    i.mqtt_publish_data  esp8266_mqtt.o
    0x08007a98   0x000000dc   Code   RO         1473    i.mqtt_report_devices_status  esp8266_mqtt.o
    0x08007b74   0x00000004   Code   RO         1474    i.mqtt_send_bytes   esp8266_mqtt.o
    0x08007b78   0x0000000c   Code   RO         1475    i.mqtt_send_heart   esp8266_mqtt.o
    0x08007b84   0x000000f4   Code   RO         1476    i.mqtt_subscribe_topic  esp8266_mqtt.o
    0x08007c78   0x00000070   Code   RO         5035    i.prvAddCurrentTaskToDelayedList  tasks.o
    0x08007ce8   0x000000d0   Code   RO         5036    i.prvAddNewTaskToReadyList  tasks.o
    0x08007db8   0x00000050   Code   RO         5368    i.prvCheckForValidListAndQueue  timers.o
    0x08007e08   0x00000026   Code   RO         4690    i.prvCopyDataFromQueue  queue.o
    0x08007e2e   0x0000006c   Code   RO         4691    i.prvCopyDataToQueue  queue.o
    0x08007e9a   0x00000014   Code   RO         5037    i.prvDeleteTCB      tasks.o
    0x08007eae   0x00000002   PAD
    0x08007eb0   0x0000004c   Code   RO         5507    i.prvHeapInit       heap_4.o
    0x08007efc   0x00000060   Code   RO         5038    i.prvIdleTask       tasks.o
    0x08007f5c   0x0000009c   Code   RO         5039    i.prvInitialiseNewTask  tasks.o
    0x08007ff8   0x0000004c   Code   RO         5508    i.prvInsertBlockIntoFreeList  heap_4.o
    0x08008044   0x00000038   Code   RO         5369    i.prvInsertTimerInActiveList  timers.o
    0x0800807c   0x0000001a   Code   RO         4692    i.prvIsQueueEmpty   queue.o
    0x08008096   0x00000002   PAD
    0x08008098   0x000000c4   Code   RO         5370    i.prvProcessReceivedCommands  timers.o
    0x0800815c   0x000000b4   Code   RO         5371    i.prvProcessTimerOrBlockTask  timers.o
    0x08008210   0x00000020   Code   RO         5041    i.prvResetNextTaskUnblockTime  tasks.o
    0x08008230   0x00000028   Code   RO         5372    i.prvSampleTimeNow  timers.o
    0x08008258   0x0000006c   Code   RO         5373    i.prvSwitchTimerLists  timers.o
    0x080082c4   0x00000028   Code   RO         5558    i.prvTaskExitError  port.o
    0x080082ec   0x00000034   Code   RO         5042    i.prvTaskIsTaskSuspended  tasks.o
    0x08008320   0x00000014   Code   RO         4537    i.prvTestWaitCondition  event_groups.o
    0x08008334   0x00000028   Code   RO         5374    i.prvTimerTask      timers.o
    0x0800835c   0x0000006a   Code   RO         4693    i.prvUnlockQueue    queue.o
    0x080083c6   0x00000002   PAD
    0x080083c8   0x000000dc   Code   RO         5509    i.pvPortMalloc      heap_4.o
    0x080084a4   0x00000018   Code   RO         5043    i.pvTaskIncrementMutexHeldCount  tasks.o
    0x080084bc   0x0000002c   Code   RO         5559    i.pxPortInitialiseStack  port.o
    0x080084e8   0x00000088   Code   RO         1012    i.rtc_alarm_init    rtc.o
    0x08008570   0x000000ec   Code   RO         1013    i.rtc_init          rtc.o
    0x0800865c   0x000000ae   Code   RO         1014    i.rtc_resume_init   rtc.o
    0x0800870a   0x00000002   PAD
    0x0800870c   0x00000074   Code   RO          796    i.sr04_get_distance  sr04.o
    0x08008780   0x00000058   Code   RO          797    i.sr04_init         sr04.o
    0x080087d8   0x0000005c   Code   RO         1215    i.tim3_init         fpm383.o
    0x08008834   0x00000016   Code   RO         1015    i.to_hex            rtc.o
    0x0800884a   0x00000002   PAD
    0x0800884c   0x000000ac   Code   RO         2359    i.usart2_init       usart.o
    0x080088f8   0x00000054   Code   RO         1216    i.usart2_printf_recv_buf  fpm383.o
    0x0800894c   0x000000b0   Code   RO         2360    i.usart3_init       usart.o
    0x080089fc   0x0000002c   Code   RO         2361    i.usart3_send_bytes  usart.o
    0x08008a28   0x00000028   Code   RO         2362    i.usart3_send_str   usart.o
    0x08008a50   0x000000b8   Code   RO         2363    i.usart6_init       usart.o
    0x08008b08   0x00000026   Code   RO         4650    i.uxListRemove      list.o
    0x08008b2e   0x00000002   PAD
    0x08008b30   0x00000018   Code   RO         5050    i.uxTaskResetEventItemValue  tasks.o
    0x08008b48   0x00000002   Code   RO           25    i.vApplicationIdleHook  main.o
    0x08008b4a   0x00000010   Code   RO           26    i.vApplicationMallocFailedHook  main.o
    0x08008b5a   0x00000010   Code   RO           27    i.vApplicationStackOverflowHook  main.o
    0x08008b6a   0x00000002   Code   RO           28    i.vApplicationTickHook  main.o
    0x08008b6c   0x00000004   Code   RO         4541    i.vEventGroupSetBitsCallback  event_groups.o
    0x08008b70   0x00000016   Code   RO         4651    i.vListInitialise   list.o
    0x08008b86   0x00000006   Code   RO         4652    i.vListInitialiseItem  list.o
    0x08008b8c   0x00000030   Code   RO         4653    i.vListInsert       list.o
    0x08008bbc   0x00000018   Code   RO         4654    i.vListInsertEnd    list.o
    0x08008bd4   0x00000040   Code   RO         5561    i.vPortEnterCritical  port.o
    0x08008c14   0x00000028   Code   RO         5562    i.vPortExitCritical  port.o
    0x08008c3c   0x0000005c   Code   RO         5510    i.vPortFree         heap_4.o
    0x08008c98   0x00000024   Code   RO         5563    i.vPortSetupTimerInterrupt  port.o
    0x08008cbc   0x00000054   Code   RO         5564    i.vPortValidateInterruptPriority  port.o
    0x08008d10   0x00000024   Code   RO         4699    i.vQueueAddToRegistry  queue.o
    0x08008d34   0x00000044   Code   RO         4703    i.vQueueWaitForMessageRestricted  queue.o
    0x08008d78   0x0000004c   Code   RO         5051    i.vTaskDelay        tasks.o
    0x08008dc4   0x000000ac   Code   RO         5053    i.vTaskDelete       tasks.o
    0x08008e70   0x00000010   Code   RO         5056    i.vTaskInternalSetTimeOutState  tasks.o
    0x08008e80   0x0000000c   Code   RO         5057    i.vTaskMissedYield  tasks.o
    0x08008e8c   0x00000030   Code   RO         5059    i.vTaskPlaceOnEventList  tasks.o
    0x08008ebc   0x00000038   Code   RO         5060    i.vTaskPlaceOnEventListRestricted  tasks.o
    0x08008ef4   0x0000004c   Code   RO         5061    i.vTaskPlaceOnUnorderedEventList  tasks.o
    0x08008f40   0x000000ac   Code   RO         5062    i.vTaskPriorityDisinheritAfterTimeout  tasks.o
    0x08008fec   0x00000070   Code   RO         5064    i.vTaskRemoveFromUnorderedEventList  tasks.o
    0x0800905c   0x0000007c   Code   RO         5065    i.vTaskResume       tasks.o
    0x080090d8   0x00000070   Code   RO         5068    i.vTaskStartScheduler  tasks.o
    0x08009148   0x000000bc   Code   RO         5069    i.vTaskSuspend      tasks.o
    0x08009204   0x00000010   Code   RO         5070    i.vTaskSuspendAll   tasks.o
    0x08009214   0x00000088   Code   RO         5071    i.vTaskSwitchContext  tasks.o
    0x0800929c   0x0000001a   Code   RO         4545    i.xEventGroupCreate  event_groups.o
    0x080092b6   0x0000008c   Code   RO         4547    i.xEventGroupSetBits  event_groups.o
    0x08009342   0x00000002   PAD
    0x08009344   0x00000010   Code   RO         4548    i.xEventGroupSetBitsFromISR  event_groups.o
    0x08009354   0x00000108   Code   RO         4550    i.xEventGroupWaitBits  event_groups.o
    0x0800945c   0x000000f4   Code   RO         5565    i.xPortStartScheduler  port.o
    0x08009550   0x0000003a   Code   RO         4704    i.xQueueCreateCountingSemaphore  queue.o
    0x0800958a   0x00000024   Code   RO         4705    i.xQueueCreateMutex  queue.o
    0x080095ae   0x00000052   Code   RO         4706    i.xQueueGenericCreate  queue.o
    0x08009600   0x00000088   Code   RO         4707    i.xQueueGenericReset  queue.o
    0x08009688   0x00000164   Code   RO         4708    i.xQueueGenericSend  queue.o
    0x080097ec   0x000000bc   Code   RO         4709    i.xQueueGenericSendFromISR  queue.o
    0x080098a8   0x00000138   Code   RO         4716    i.xQueueReceive     queue.o
    0x080099e0   0x00000178   Code   RO         4718    i.xQueueSemaphoreTake  queue.o
    0x08009b58   0x00000074   Code   RO         5072    i.xTaskCheckForTimeOut  tasks.o
    0x08009bcc   0x00000056   Code   RO         5073    i.xTaskCreate       tasks.o
    0x08009c22   0x00000002   PAD
    0x08009c24   0x0000001c   Code   RO         5077    i.xTaskGetSchedulerState  tasks.o
    0x08009c40   0x0000000c   Code   RO         5078    i.xTaskGetTickCount  tasks.o
    0x08009c4c   0x000000c0   Code   RO         5080    i.xTaskIncrementTick  tasks.o
    0x08009d0c   0x00000098   Code   RO         5083    i.xTaskPriorityDisinherit  tasks.o
    0x08009da4   0x00000094   Code   RO         5084    i.xTaskPriorityInherit  tasks.o
    0x08009e38   0x00000078   Code   RO         5085    i.xTaskRemoveFromEventList  tasks.o
    0x08009eb0   0x000000c4   Code   RO         5086    i.xTaskResumeAll    tasks.o
    0x08009f74   0x0000004c   Code   RO         5380    i.xTimerCreateTimerTask  timers.o
    0x08009fc0   0x00000064   Code   RO         5381    i.xTimerGenericCommand  timers.o
    0x0800a024   0x00000028   Code   RO         5387    i.xTimerPendFunctionCallFromISR  timers.o
    0x0800a04c   0x0000002c   Code   RO         6076    locale$$code        c_w.l(lc_ctype_c.o)
    0x0800a078   0x0000002c   Code   RO         6079    locale$$code        c_w.l(lc_numeric_c.o)
    0x0800a0a4   0x0000000c   Code   RO         5992    x$fpl$dretinf       fz_wm.l(dretinf.o)
    0x0800a0b0   0x00000056   Code   RO         5831    x$fpl$f2d           fz_wm.l(f2d.o)
    0x0800a106   0x0000008c   Code   RO         5994    x$fpl$fnaninf       fz_wm.l(fnaninf.o)
    0x0800a192   0x0000000a   Code   RO         6097    x$fpl$fpinit        fz_wm.l(fpinit.o)
    0x0800a19c   0x00000004   Code   RO         5833    x$fpl$printf1       fz_wm.l(printf1.o)
    0x0800a1a0   0x00000000   Code   RO         5996    x$fpl$usenofp       fz_wm.l(usenofp.o)
    0x0800a1a0   0x000001b8   Data   RO           29    .constdata          main.o
    0x0800a358   0x00001118   Data   RO          668    .constdata          oled.o
    0x0800b470   0x00000400   Data   RO         1060    .constdata          bmp.o
    0x0800b870   0x00000200   Data   RO         1061    .constdata          bmp.o
    0x0800ba70   0x00000200   Data   RO         1062    .constdata          bmp.o
    0x0800bc70   0x00000200   Data   RO         1063    .constdata          bmp.o
    0x0800be70   0x00000030   Data   RO         1218    .constdata          fpm383.o
    0x0800bea0   0x00000004   Data   RO         1479    .constdata          esp8266_mqtt.o
    0x0800bea4   0x00000028   Data   RO         5744    .constdata          c_w.l(_printf_hex_int_ll_ptr.o)
    0x0800becc   0x00000011   Data   RO         5764    .constdata          c_w.l(__printf_flags_ss_wp.o)
    0x0800bedd   0x00000003   PAD
    0x0800bee0   0x00000008   Data   RO         5903    .constdata          c_w.l(_printf_wctomb.o)
    0x0800bee8   0x00000094   Data   RO         6045    .constdata          c_w.l(bigflt0.o)
    0x0800bf7c   0x000002bd   Data   RO           30    .conststring        main.o
    0x0800c239   0x00000003   PAD
    0x0800c23c   0x000000ca   Data   RO         1482    .conststring        esp8266_mqtt.o
    0x0800c306   0x00000002   PAD
    0x0800c308   0x00000020   Data   RO         6258    Region$$Table       anon$$obj.o
    0x0800c328   0x00000110   Data   RO         6075    locale$$data        c_w.l(lc_ctype_c.o)
    0x0800c438   0x0000001c   Data   RO         6078    locale$$data        c_w.l(lc_numeric_c.o)


    Execution Region RW_IRAM1 (Base: 0x20000000, Size: 0x00013e20, Max: 0x00020000, ABSOLUTE, COMPRESSED[0x00000024])

    Base Addr    Size         Type   Attr      Idx    E Section Name        Object

    0x20000000   0x00000070   Data   RW           31    .data               main.o
    0x20000070   0x00000004   Data   RW           32    .data               main.o
    0x20000074   0x00000004   Data   RW           33    .data               main.o
    0x20000078   0x00000004   Data   RW           34    .data               main.o
    0x2000007c   0x00000004   Data   RW           35    .data               main.o
    0x20000080   0x00000004   Data   RW           36    .data               main.o
    0x20000084   0x00000004   Data   RW           37    .data               main.o
    0x20000088   0x00000004   Data   RW           38    .data               main.o
    0x2000008c   0x00000004   Data   RW           39    .data               main.o
    0x20000090   0x00000004   Data   RW           40    .data               main.o
    0x20000094   0x00000004   Data   RW           41    .data               main.o
    0x20000098   0x00000004   Data   RW           42    .data               main.o
    0x2000009c   0x00000004   Data   RW           43    .data               main.o
    0x200000a0   0x00000014   Data   RW          483    .data               system_stm32f4xx.o
    0x200000b4   0x00000008   Data   RW          620    .data               dht11.o
    0x200000bc   0x00000008   Data   RW          669    .data               oled.o
    0x200000c4   0x00000008   Data   RW          798    .data               sr04.o
    0x200000cc   0x00000002   Data   RW         1099    .data               keyboard.o
    0x200000ce   0x00000002   PAD
    0x200000d0   0x00000028   Data   RW         1219    .data               fpm383.o
    0x200000f8   0x00000008   Data   RW         1483    .data               esp8266_mqtt.o
    0x20000100   0x00000004   Data   RW         1563    .data               esp8266.o
    0x20000104   0x00000008   Data   RW         2367    .data               usart.o
    0x2000010c   0x00000004   Data   RW         2369    .data               usart.o
    0x20000110   0x00000010   Data   RW         2666    .data               stm32f4xx_rcc.o
    0x20000120   0x0000003c   Data   RW         5089    .data               tasks.o
    0x2000015c   0x00000014   Data   RW         5389    .data               timers.o
    0x20000170   0x00000018   Data   RW         5515    .data               heap_4.o
    0x20000188   0x0000000c   Data   RW         5566    .data               port.o
    0x20000194   0x00000004   Data   RW         5779    .data               c_w.l(strtok.o)
    0x20000198   0x0000004c   Zero   RW         1217    .bss                fpm383.o
    0x200001e4   0x0000020e   Zero   RW         1477    .bss                esp8266_mqtt.o
    0x200003f2   0x00000200   Zero   RW         1561    .bss                esp8266.o
    0x200005f2   0x00000200   Zero   RW         1562    .bss                esp8266.o
    0x200007f2   0x00000081   Zero   RW         2366    .bss                usart.o
    0x20000873   0x00000001   PAD
    0x20000874   0x00000040   Zero   RW         4720    .bss                queue.o
    0x200008b4   0x000002e4   Zero   RW         5088    .bss                tasks.o
    0x20000b98   0x00000028   Zero   RW         5388    .bss                timers.o
    0x20000bc0   0x00012c00   Zero   RW         5514    .bss                heap_4.o
    0x200137c0   0x00000060   Zero   RW         6000    .bss                c_w.l(libspace.o)
    0x20013820   0x00000200   Zero   RW         2463    HEAP                startup_stm32f40_41xxx.o
    0x20013a20   0x00000400   Zero   RW         2462    STACK               startup_stm32f40_41xxx.o


==============================================================================

Image component sizes


      Code (inc. data)   RO Data    RW Data    ZI Data      Debug   Object Name

        64         10          0          0          0       6100   beep.o
         0          0       2560          0          0       1379   bmp.o
        84          8          0          0          0       1070   delay.o
       360         28          0          8          0       1818   dht11.o
       832        256          0          4       1024       7303   esp8266.o
      2096        888        206          8        526       6320   esp8266_mqtt.o
       470         10          0          0          0      15096   event_groups.o
       958        162          0          0          0       2628   flash.o
      1826        656         48         40         76       9921   fpm383.o
       124         16          0          0          0        742   fr1002.o
       464         22          0         24      76800       3859   heap_4.o
       488         34          0          0          0       5803   key.o
       560         36          0          2          0       2258   keyboard.o
       332         32          0          0          0       2924   led.o
       138          0          0          0          0       2918   list.o
     10924       4820       1141        160          0     373242   main.o
       120         14          0          0          0       1355   misc.o
       548         66          0          0          0       2005   motor.o
      1210         52       4376          8          0      10314   oled.o
       786         80          0         12          0      10537   port.o
      1926         22          0          0         64      14196   queue.o
       688         10          0          0          0       3912   rtc.o
       204         34          0          8          0       1332   sr04.o
        64         26        392          0       1536        820   startup_stm32f40_41xxx.o
       144         14          0          0          0       1936   stm32f4xx_exti.o
       322         36          0          0          0       4237   stm32f4xx_flash.o
       170          0          0          0          0       2583   stm32f4xx_gpio.o
        12          0          0          0          0       2553   stm32f4xx_it.o
        12          6          0          0          0        482   stm32f4xx_pwr.o
       340         56          0         16          0       6435   stm32f4xx_rcc.o
      1362        122          0          0          0      13112   stm32f4xx_rtc.o
        48          6          0          0          0        580   stm32f4xx_syscfg.o
       316         36          0          0          0       6343   stm32f4xx_tim.o
       344          8          0          0          0       5319   stm32f4xx_usart.o
       272         36          0         20          0       1661   system_stm32f4xx.o
      3090        256          0         60        740      25909   tasks.o
       916         90          0         20         40      16643   timers.o
       930         82          0         12        129       7926   usart.o

    ----------------------------------------------------------------------
     33580       8030       8760        404      80936     583571   Object Totals
         0          0         32          0          0          0   (incl. Generated)
        36          0          5          2          1          0   (incl. Padding)

    ----------------------------------------------------------------------

      Code (inc. data)   RO Data    RW Data    ZI Data      Debug   Library Member Name

        24          4          0          0          0         84   __2printf.o
        44          6          0          0          0         84   __2sprintf.o
        90          0          0          0          0          0   __dczerorl2.o
         8          0          0          0          0         68   __main.o
       392          4         17          0          0         92   __printf_flags_ss_wp.o
        14          0          0          0          0         68   __printf_wp.o
         0          0          0          0          0          0   __rtentry.o
        12          0          0          0          0          0   __rtentry2.o
         6          0          0          0          0          0   __rtentry4.o
        52          8          0          0          0          0   __scatter.o
        28          0          0          0          0          0   __scatter_zi.o
        28          0          0          0          0         68   _chval.o
         6          0          0          0          0          0   _printf_a.o
         6          0          0          0          0          0   _printf_c.o
        44          0          0          0          0        108   _printf_char.o
        48          6          0          0          0         96   _printf_char_common.o
        36          4          0          0          0         80   _printf_char_file.o
        40          0          0          0          0         68   _printf_charcount.o
         6          0          0          0          0          0   _printf_d.o
       120         16          0          0          0         92   _printf_dec.o
         6          0          0          0          0          0   _printf_e.o
         6          0          0          0          0          0   _printf_f.o
      1050          0          0          0          0        216   _printf_fp_dec.o
       128         16          0          0          0         84   _printf_fp_infnan.o
         6          0          0          0          0          0   _printf_g.o
       148          4         40          0          0        160   _printf_hex_int_ll_ptr.o
         6          0          0          0          0          0   _printf_i.o
       178          0          0          0          0         88   _printf_intcommon.o
        10          0          0          0          0          0   _printf_l.o
         6          0          0          0          0          0   _printf_lc.o
        10          0          0          0          0          0   _printf_ll.o
         6          0          0          0          0          0   _printf_lld.o
         6          0          0          0          0          0   _printf_lli.o
         6          0          0          0          0          0   _printf_llo.o
         6          0          0          0          0          0   _printf_llu.o
         6          0          0          0          0          0   _printf_llx.o
       124         16          0          0          0         92   _printf_longlong_dec.o
         6          0          0          0          0          0   _printf_ls.o
         6          0          0          0          0          0   _printf_n.o
         6          0          0          0          0          0   _printf_o.o
       112          8          0          0          0        124   _printf_oct_int_ll.o
         6          0          0          0          0          0   _printf_p.o
        78          0          0          0          0        108   _printf_pad.o
         0          0          0          0          0          0   _printf_percent.o
         4          0          0          0          0          0   _printf_percent_end.o
         6          0          0          0          0          0   _printf_s.o
        82          0          0          0          0         80   _printf_str.o
        36          0          0          0          0         84   _printf_truncate.o
         6          0          0          0          0          0   _printf_u.o
        44          0          0          0          0        108   _printf_wchar.o
       188          6          8          0          0         92   _printf_wctomb.o
         6          0          0          0          0          0   _printf_x.o
        10          0          0          0          0         68   _sputc.o
       158          0          0          0          0         92   _strtoul.o
        64          0          0          0          0         92   _wcrtomb.o
        16          0          0          0          0         68   aeabi_memset.o
        26          0          0          0          0         80   atoi.o
       220          4        148          0          0         96   bigflt0.o
      1910        128          0          0          0        672   btod.o
        12          4          0          0          0         68   c89vprintf.o
        12          0          0          0          0         72   exit.o
         8          0          0          0          0         68   ferror.o
         6          0          0          0          0        152   heapauxi.o
        44         10        272          0          0         76   lc_ctype_c.o
        44         10         28          0          0         76   lc_numeric_c.o
         2          0          0          0          0          0   libinit.o
        34          0          0          0          0          0   libinit2.o
         2          0          0          0          0          0   libshutdown.o
         2          0          0          0          0          0   libshutdown2.o
         8          4          0          0         96         68   libspace.o
       138          0          0          0          0         80   lludiv10.o
        88          0          0          0          0         76   memcmp.o
        16          4          0          0          0         76   rt_ctype_table.o
         8          4          0          0          0         68   rt_errno_addr_intlibspace.o
         8          4          0          0          0         68   rt_locale_intlibspace.o
        68          0          0          0          0         68   rt_memclr.o
        78          0          0          0          0         80   rt_memclr_w.o
       138          0          0          0          0         68   rt_memcpy_v6.o
       100          0          0          0          0         80   rt_memcpy_w.o
         2          0          0          0          0          0   rtexit.o
        10          0          0          0          0          0   rtexit2.o
       128          0          0          0          0         68   strcmpv7m.o
        32          0          0          0          0         80   strcspn.o
        62          0          0          0          0         76   strlen.o
        28          0          0          0          0         80   strspn.o
        36          0          0          0          0         80   strstr.o
        12          6          0          4          0         68   strtok.o
        68          4          0          0          0         84   strtok_int.o
       112          0          0          0          0         88   strtol.o
        74          0          0          0          0         80   sys_stackheap_outer.o
         2          0          0          0          0         68   use_no_semi.o
         2          0          0          0          0         68   use_no_semi_2.o
        12          0          0          0          0        116   dretinf.o
        86          4          0          0          0        132   f2d.o
       140          4          0          0          0        132   fnaninf.o
        10          0          0          0          0        116   fpinit.o
         4          0          0          0          0        116   printf1.o
         0          0          0          0          0          0   usenofp.o
        48          0          0          0          0        124   fpclassify.o

    ----------------------------------------------------------------------
      7404        288        516          4         96       6132   Library Totals
        18          0          3          0          0          0   (incl. Padding)

    ----------------------------------------------------------------------

      Code (inc. data)   RO Data    RW Data    ZI Data      Debug   Library Name

      7086        280        513          4         96       5396   c_w.l
       252          8          0          0          0        612   fz_wm.l
        48          0          0          0          0        124   m_wm.l

    ----------------------------------------------------------------------
      7404        288        516          4         96       6132   Library Totals

    ----------------------------------------------------------------------

==============================================================================


      Code (inc. data)   RO Data    RW Data    ZI Data      Debug   

     40984       8318       9276        408      81032     559783   Grand Totals
     40984       8318       9276         36      81032     559783   ELF Image Totals (compressed)
     40984       8318       9276         36          0          0   ROM Totals

==============================================================================

    Total RO  Size (Code + RO Data)                50260 (  49.08kB)
    Total RW  Size (RW Data + ZI Data)             81440 (  79.53kB)
    Total ROM Size (Code + RO Data + RW Data)      50296 (  49.12kB)

==============================================================================

